현재 버전: 0.1.2
최신 버전: 0.1.3
업데이트 소스: bundled
레이아웃 전략: overwrite

  0/11 [░░░░░░░░░░░░░░░░░░░░░░░░░░░░] 시작 중...
   
  1/11 [▓▓░░░░░░░░░░░░░░░░░░░░░░░░░░] 백업 생성 중...
   → docs/architecture.md
  1/11 [▓▓░░░░░░░░░░░░░░░░░░░░░░░░░░] 백업 생성 중...
   → docs/domain-delivery.md
  1/11 [▓▓░░░░░░░░░░░░░░░░░░░░░░░░░░] 백업 생성 중...
   → docs/domain-evidence.md
  1/11 [▓▓░░░░░░░░░░░░░░░░░░░░░░░░░░] 백업 생성 중...
   → docs/extension-points.md
  1/11 [▓▓░░░░░░░░░░░░░░░░░░░░░░░░░░] 백업 생성 중...
   → docs/domain-api.md
  1/11 [▓▓░░░░░░░░░░░░░░░░░░░░░░░░░░] 백업 생성 중...
   → docs/editor-spec.md
  1/11 [▓▓░░░░░░░░░░░░░░░░░░░░░░░░░░] 백업 생성 중...
   → docs/README.md
  1/11 [▓▓░░░░░░░░░░░░░░░░░░░░░░░░░░] 백업 생성 중...
   → docs/support.md
  1/11 [▓▓░░░░░░░░░░░░░░░░░░░░░░░░░░] 백업 생성 중...
   → docs/data-model.md
  1/11 [▓▓░░░░░░░░░░░░░░░░░░░░░░░░░░] 백업 생성 중...
   → docs/api/inquiries.md
  1/11 [▓▓░░░░░░░░░░░░░░░░░░░░░░░░░░] 백업 생성 중...
   → docs/api/README.md
  1/11 [▓▓░░░░░░░░░░░░░░░░░░░░░░░░░░] 백업 생성 중...
   → docs/api/support.md
  1/11 [▓▓░░░░░░░░░░░░░░░░░░░░░░░░░░] 백업 생성 중...
   → docs/api/cart.md
  1/11 [▓▓░░░░░░░░░░░░░░░░░░░░░░░░░░] 백업 생성 중...
   → docs/api/workflow.md
  1/11 [▓▓░░░░░░░░░░░░░░░░░░░░░░░░░░] 백업 생성 중...
   → docs/api/catalog.md
  1/11 [▓▓░░░░░░░░░░░░░░░░░░░░░░░░░░] 백업 생성 중...
   → docs/settings.md
  1/11 [▓▓░░░░░░░░░░░░░░░░░░░░░░░░░░] 백업 생성 중...
   → docs/frontend.md
  1/11 [▓▓░░░░░░░░░░░░░░░░░░░░░░░░░░] 백업 생성 중...
   → docs/support-api.md
  1/11 [▓▓░░░░░░░░░░░░░░░░░░░░░░░░░░] 백업 생성 중...
   → docs/domain.md
  1/11 [▓▓░░░░░░░░░░░░░░░░░░░░░░░░░░] 백업 생성 중...
   → module.json
  1/11 [▓▓░░░░░░░░░░░░░░░░░░░░░░░░░░] 백업 생성 중...
   → editor-spec.json
  1/11 [▓▓░░░░░░░░░░░░░░░░░░░░░░░░░░] 백업 생성 중...
   → database/seeders/DatabaseSeeder.php
  1/11 [▓▓░░░░░░░░░░░░░░░░░░░░░░░░░░] 백업 생성 중...
   → database/seeders/SyntheticCatalogSeeder.php
  1/11 [▓▓░░░░░░░░░░░░░░░░░░░░░░░░░░] 백업 생성 중...
   → database/seeders/SyntheticCatalogHelper.php
  1/11 [▓▓░░░░░░░░░░░░░░░░░░░░░░░░░░] 백업 생성 중...
   → database/migrations/2026_10_09_000001_create_travel_lab_tables.php
  1/11 [▓▓░░░░░░░░░░░░░░░░░░░░░░░░░░] 백업 생성 중...
   → database/migrations/2026_10_09_900001_add_inquiry_evidence.php
  1/11 [▓▓░░░░░░░░░░░░░░░░░░░░░░░░░░] 백업 생성 중...
   → config/support.php
  1/11 [▓▓░░░░░░░░░░░░░░░░░░░░░░░░░░] 백업 생성 중...
   → config/catalog.php
  1/11 [▓▓░░░░░░░░░░░░░░░░░░░░░░░░░░] 백업 생성 중...
   → module.php
  1/11 [▓▓░░░░░░░░░░░░░░░░░░░░░░░░░░] 백업 생성 중...
   → README.md
  1/11 [▓▓░░░░░░░░░░░░░░░░░░░░░░░░░░] 백업 생성 중...
   → CHANGELOG.md
  1/11 [▓▓░░░░░░░░░░░░░░░░░░░░░░░░░░] 백업 생성 중...
   → src/Http/Resources/AdminDepartureResource.php
  1/11 [▓▓░░░░░░░░░░░░░░░░░░░░░░░░░░] 백업 생성 중...
   → src/Http/Resources/AdminInquiryCollection.php
  1/11 [▓▓░░░░░░░░░░░░░░░░░░░░░░░░░░] 백업 생성 중...
   → src/Http/Resources/SupportPostResource.php
  1/11 [▓▓░░░░░░░░░░░░░░░░░░░░░░░░░░] 백업 생성 중...
   → src/Http/Resources/CatalogCandidateResource.php
  1/11 [▓▓░░░░░░░░░░░░░░░░░░░░░░░░░░] 백업 생성 중...
   → src/Http/Resources/DepartureResource.php
  1/11 [▓▓░░░░░░░░░░░░░░░░░░░░░░░░░░] 백업 생성 중...
   → src/Http/Resources/InquiryResource.php
  1/11 [▓▓░░░░░░░░░░░░░░░░░░░░░░░░░░] 백업 생성 중...
   → src/Http/Resources/AdminCatalogResource.php
  1/11 [▓▓░░░░░░░░░░░░░░░░░░░░░░░░░░] 백업 생성 중...
   → src/Http/Resources/CatalogCollection.php
  1/11 [▓▓░░░░░░░░░░░░░░░░░░░░░░░░░░] 백업 생성 중...
   → src/Http/Resources/SupportPostCollection.php
  1/11 [▓▓░░░░░░░░░░░░░░░░░░░░░░░░░░] 백업 생성 중...
   → src/Http/Resources/TravelCartResource.php
  1/11 [▓▓░░░░░░░░░░░░░░░░░░░░░░░░░░] 백업 생성 중...
   → src/Http/Resources/InquiryCollection.php
  1/11 [▓▓░░░░░░░░░░░░░░░░░░░░░░░░░░] 백업 생성 중...
   → src/Http/Resources/AdminInquiryResource.php
  1/11 [▓▓░░░░░░░░░░░░░░░░░░░░░░░░░░] 백업 생성 중...
   → src/Http/Resources/CatalogCandidateCollection.php
  1/11 [▓▓░░░░░░░░░░░░░░░░░░░░░░░░░░] 백업 생성 중...
   → src/Http/Resources/SupportAnswerResource.php
  1/11 [▓▓░░░░░░░░░░░░░░░░░░░░░░░░░░] 백업 생성 중...
   → src/Http/Resources/CatalogResource.php
  1/11 [▓▓░░░░░░░░░░░░░░░░░░░░░░░░░░] 백업 생성 중...
   → src/Http/Resources/AdminCatalogCollection.php
  1/11 [▓▓░░░░░░░░░░░░░░░░░░░░░░░░░░] 백업 생성 중...
   → src/Http/Resources/InquiryItemResource.php
  1/11 [▓▓░░░░░░░░░░░░░░░░░░░░░░░░░░] 백업 생성 중...
   → src/Http/Controllers/Admin/InquiryController.php
  1/11 [▓▓░░░░░░░░░░░░░░░░░░░░░░░░░░] 백업 생성 중...
   → src/Http/Controllers/AdminCatalogController.php
  1/11 [▓▓░░░░░░░░░░░░░░░░░░░░░░░░░░] 백업 생성 중...
   → src/Http/Controllers/Api/SupportController.php
  1/11 [▓▓░░░░░░░░░░░░░░░░░░░░░░░░░░] 백업 생성 중...
   → src/Http/Controllers/Api/CartController.php
  1/11 [▓▓░░░░░░░░░░░░░░░░░░░░░░░░░░] 백업 생성 중...
   → src/Http/Controllers/Api/InquiryController.php
  1/11 [▓▓░░░░░░░░░░░░░░░░░░░░░░░░░░] 백업 생성 중...
   → src/Http/Controllers/CatalogController.php
  1/11 [▓▓░░░░░░░░░░░░░░░░░░░░░░░░░░] 백업 생성 중...
   → src/Http/Requests/CatalogCandidatesRequest.php
  1/11 [▓▓░░░░░░░░░░░░░░░░░░░░░░░░░░] 백업 생성 중...
   → src/Http/Requests/SupportListRequest.php
  1/11 [▓▓░░░░░░░░░░░░░░░░░░░░░░░░░░] 백업 생성 중...
   → src/Http/Requests/CatalogRegisterRequest.php
  1/11 [▓▓░░░░░░░░░░░░░░░░░░░░░░░░░░] 백업 생성 중...
   → src/Http/Requests/Workflow/UpdateTravelCartRequest.php
  1/11 [▓▓░░░░░░░░░░░░░░░░░░░░░░░░░░] 백업 생성 중...
   → src/Http/Requests/Workflow/WorkflowRequest.php
  1/11 [▓▓░░░░░░░░░░░░░░░░░░░░░░░░░░] 백업 생성 중...
   → src/Http/Requests/Workflow/SubmitInquiryRequest.php
  1/11 [▓▓░░░░░░░░░░░░░░░░░░░░░░░░░░] 백업 생성 중...
   → src/Http/Requests/Workflow/UpdateInquiryRequest.php
  1/11 [▓▓░░░░░░░░░░░░░░░░░░░░░░░░░░] 백업 생성 중...
   → src/Http/Requests/Workflow/ListInquiriesRequest.php
  1/11 [▓▓░░░░░░░░░░░░░░░░░░░░░░░░░░] 백업 생성 중...
   → src/Http/Requests/Workflow/AddTravelCartRequest.php
  1/11 [▓▓░░░░░░░░░░░░░░░░░░░░░░░░░░] 백업 생성 중...
   → src/Http/Requests/CatalogListRequest.php
  1/11 [▓▓░░░░░░░░░░░░░░░░░░░░░░░░░░] 백업 생성 중...
   → src/Http/Requests/SupportQuestionUpdateRequest.php
  1/11 [▓▓░░░░░░░░░░░░░░░░░░░░░░░░░░] 백업 생성 중...
   → src/Http/Requests/CatalogUpdateRequest.php
  1/11 [▓▓░░░░░░░░░░░░░░░░░░░░░░░░░░] 백업 생성 중...
   → src/Http/Requests/DepartureRequest.php
  1/11 [▓▓░░░░░░░░░░░░░░░░░░░░░░░░░░] 백업 생성 중...
   → src/Http/Requests/SupportQuestionStoreRequest.php
  1/11 [▓▓░░░░░░░░░░░░░░░░░░░░░░░░░░] 백업 생성 중...
   → src/Http/Middleware/TravelOptionalSanctum.php
  1/11 [▓▓░░░░░░░░░░░░░░░░░░░░░░░░░░] 백업 생성 중...
   → src/Http/Middleware/TravelCatalogConflictResponse.php
  1/11 [▓▓░░░░░░░░░░░░░░░░░░░░░░░░░░] 백업 생성 중...
   → src/Http/Middleware/TravelThrottleRequests.php
  1/11 [▓▓░░░░░░░░░░░░░░░░░░░░░░░░░░] 백업 생성 중...
   → src/Support/TravelDate.php
  1/11 [▓▓░░░░░░░░░░░░░░░░░░░░░░░░░░] 백업 생성 중...
   → src/lang/ko/enums.php
  1/11 [▓▓░░░░░░░░░░░░░░░░░░░░░░░░░░] 백업 생성 중...
   → src/lang/ko/support.php
  1/11 [▓▓░░░░░░░░░░░░░░░░░░░░░░░░░░] 백업 생성 중...
   → src/lang/ko/workflow.php
  1/11 [▓▓░░░░░░░░░░░░░░░░░░░░░░░░░░] 백업 생성 중...
   → src/lang/ko/messages.php
  1/11 [▓▓░░░░░░░░░░░░░░░░░░░░░░░░░░] 백업 생성 중...
   → src/lang/en/enums.php
  1/11 [▓▓░░░░░░░░░░░░░░░░░░░░░░░░░░] 백업 생성 중...
   → src/lang/en/support.php
  1/11 [▓▓░░░░░░░░░░░░░░░░░░░░░░░░░░] 백업 생성 중...
   → src/lang/en/workflow.php
  1/11 [▓▓░░░░░░░░░░░░░░░░░░░░░░░░░░] 백업 생성 중...
   → src/lang/en/messages.php
  1/11 [▓▓░░░░░░░░░░░░░░░░░░░░░░░░░░] 백업 생성 중...
   → src/Repositories/WorkflowCartRepository.php
  1/11 [▓▓░░░░░░░░░░░░░░░░░░░░░░░░░░] 백업 생성 중...
   → src/Repositories/WorkflowInquiryRepository.php
  1/11 [▓▓░░░░░░░░░░░░░░░░░░░░░░░░░░] 백업 생성 중...
   → src/Repositories/Contracts/TravelSupportPostRepositoryInterface.php
  1/11 [▓▓░░░░░░░░░░░░░░░░░░░░░░░░░░] 백업 생성 중...
   → src/Repositories/Contracts/CatalogRepositoryInterface.php
  1/11 [▓▓░░░░░░░░░░░░░░░░░░░░░░░░░░] 백업 생성 중...
   → src/Repositories/Contracts/WorkflowCartRepositoryInterface.php
  1/11 [▓▓░░░░░░░░░░░░░░░░░░░░░░░░░░] 백업 생성 중...
   → src/Repositories/Contracts/WorkflowInquiryRepositoryInterface.php
  1/11 [▓▓░░░░░░░░░░░░░░░░░░░░░░░░░░] 백업 생성 중...
   → src/Repositories/TravelSupportPostRepository.php
  1/11 [▓▓░░░░░░░░░░░░░░░░░░░░░░░░░░] 백업 생성 중...
   → src/Repositories/CatalogRepository.php
  1/11 [▓▓░░░░░░░░░░░░░░░░░░░░░░░░░░] 백업 생성 중...
   → src/Models/Departure.php
  1/11 [▓▓░░░░░░░░░░░░░░░░░░░░░░░░░░] 백업 생성 중...
   → src/Models/InquiryItem.php
  1/11 [▓▓░░░░░░░░░░░░░░░░░░░░░░░░░░] 백업 생성 중...
   → src/Models/Inquiry.php
  1/11 [▓▓░░░░░░░░░░░░░░░░░░░░░░░░░░] 백업 생성 중...
   → src/Models/TravelProduct.php
  1/11 [▓▓░░░░░░░░░░░░░░░░░░░░░░░░░░] 백업 생성 중...
   → src/Models/InquiryEvent.php
  1/11 [▓▓░░░░░░░░░░░░░░░░░░░░░░░░░░] 백업 생성 중...
   → src/Services/CatalogService.php
  1/11 [▓▓░░░░░░░░░░░░░░░░░░░░░░░░░░] 백업 생성 중...
   → src/Services/TravelCartService.php
  1/11 [▓▓░░░░░░░░░░░░░░░░░░░░░░░░░░] 백업 생성 중...
   → src/Services/TravelSupportSeedContent.php
  1/11 [▓▓░░░░░░░░░░░░░░░░░░░░░░░░░░] 백업 생성 중...
   → src/Services/TravelSupportProvisioner.php
  1/11 [▓▓░░░░░░░░░░░░░░░░░░░░░░░░░░] 백업 생성 중...
   → src/Services/InquiryService.php
  1/11 [▓▓░░░░░░░░░░░░░░░░░░░░░░░░░░] 백업 생성 중...
   → src/Services/TravelSupportService.php
  1/11 [▓▓░░░░░░░░░░░░░░░░░░░░░░░░░░] 백업 생성 중...
   → src/Enums/CatalogSort.php
  1/11 [▓▓░░░░░░░░░░░░░░░░░░░░░░░░░░] 백업 생성 중...
   → src/Enums/Region.php
  1/11 [▓▓░░░░░░░░░░░░░░░░░░░░░░░░░░] 백업 생성 중...
   → src/Enums/Theme.php
  1/11 [▓▓░░░░░░░░░░░░░░░░░░░░░░░░░░] 백업 생성 중...
   → src/Enums/InquiryStatus.php
  1/11 [▓▓░░░░░░░░░░░░░░░░░░░░░░░░░░] 백업 생성 중...
   → src/Enums/TravelSupportChannel.php
  1/11 [▓▓░░░░░░░░░░░░░░░░░░░░░░░░░░] 백업 생성 중...
   → src/routes/support.php
  1/11 [▓▓░░░░░░░░░░░░░░░░░░░░░░░░░░] 백업 생성 중...
   → src/routes/catalog.php
  1/11 [▓▓░░░░░░░░░░░░░░░░░░░░░░░░░░] 백업 생성 중...
   → src/routes/workflow.php
  1/11 [▓▓░░░░░░░░░░░░░░░░░░░░░░░░░░] 백업 생성 중...
   → src/routes/api.php
  1/11 [▓▓░░░░░░░░░░░░░░░░░░░░░░░░░░] 백업 생성 중...
   → src/Exceptions/CatalogConflictException.php
  1/11 [▓▓░░░░░░░░░░░░░░░░░░░░░░░░░░] 백업 생성 중...
   → src/Exceptions/TravelSupportException.php
  1/11 [▓▓░░░░░░░░░░░░░░░░░░░░░░░░░░] 백업 생성 중...
   → src/Providers/TravelLabServiceProvider.php
  1/11 [▓▓░░░░░░░░░░░░░░░░░░░░░░░░░░] 백업 생성 중...
   → src/Console/Commands/ProvisionTravelSupportCommand.php
  1/11 [▓▓░░░░░░░░░░░░░░░░░░░░░░░░░░] 백업 생성 중...
   → src/Listeners/ExcludeTravelSupportQuestionsFromSearch.php
  1/11 [▓▓░░░░░░░░░░░░░░░░░░░░░░░░░░] 백업 생성 중...
   → src/Listeners/SuppressTravelSupportNotifications.php
  1/11 [▓▓░░░░░░░░░░░░░░░░░░░░░░░░░░] 백업 생성 중...
   → src/Listeners/BlockTravelCommerceCheckout.php
  1/11 [▓▓░░░░░░░░░░░░░░░░░░░░░░░░░░] 백업 생성 중...
   → src/Listeners/ProtectTravelCommerceCatalog.php
  1/11 [▓▓░░░░░░░░░░░░░░░░░░░░░░░░░░] 백업 생성 중...
   → AGENTS.md
  1/11 [▓▓░░░░░░░░░░░░░░░░░░░░░░░░░░] 백업 생성 중...
   → vitest.config.ts
  1/11 [▓▓░░░░░░░░░░░░░░░░░░░░░░░░░░] 백업 생성 중...
   → resources/routes.json
  1/11 [▓▓░░░░░░░░░░░░░░░░░░░░░░░░░░] 백업 생성 중...
   → resources/js/__tests__/layouts/admin-travel-lab-layouts.test.tsx
  1/11 [▓▓░░░░░░░░░░░░░░░░░░░░░░░░░░] 백업 생성 중...
   → resources/lang/en.json
  1/11 [▓▓░░░░░░░░░░░░░░░░░░░░░░░░░░] 백업 생성 중...
   → resources/lang/partial/ko/admin.json
  1/11 [▓▓░░░░░░░░░░░░░░░░░░░░░░░░░░] 백업 생성 중...
   → resources/lang/partial/en/admin.json
  1/11 [▓▓░░░░░░░░░░░░░░░░░░░░░░░░░░] 백업 생성 중...
   → resources/lang/ko.json
  1/11 [▓▓░░░░░░░░░░░░░░░░░░░░░░░░░░] 백업 생성 중...
   → resources/layouts/admin/admin_travel_lab_inquiry_detail.json
  1/11 [▓▓░░░░░░░░░░░░░░░░░░░░░░░░░░] 백업 생성 중...
   → resources/layouts/admin/admin_travel_lab_catalog.json
  1/11 [▓▓░░░░░░░░░░░░░░░░░░░░░░░░░░] 백업 생성 중...
   → resources/layouts/admin/admin_travel_lab_support.json
  1/11 [▓▓░░░░░░░░░░░░░░░░░░░░░░░░░░] 백업 생성 중...
   → resources/layouts/admin/admin_travel_lab_inquiry_list.json
  1/11 [▓▓░░░░░░░░░░░░░░░░░░░░░░░░░░] 백업 생성 중...
   → tests/ModuleTestCase.php
  1/11 [▓▓░░░░░░░░░░░░░░░░░░░░░░░░░░] 백업 생성 중...
   → tests/evidence/domain-test-evidence.json
  1/11 [▓▓░░░░░░░░░░░░░░░░░░░░░░░░░░] 백업 생성 중...
   → tests/evidence/domain-phpunit.txt
  1/11 [▓▓░░░░░░░░░░░░░░░░░░░░░░░░░░] 백업 생성 중...
   → tests/evidence/w03-recheck/live_recheck_probe.py
  1/11 [▓▓░░░░░░░░░░░░░░░░░░░░░░░░░░] 백업 생성 중...
   → tests/evidence/w03-recheck/live-recheck-probe.json
  1/11 [▓▓░░░░░░░░░░░░░░░░░░░░░░░░░░] 백업 생성 중...
   → tests/evidence/w03-recheck/row_lock_barrier.php
  1/11 [▓▓░░░░░░░░░░░░░░░░░░░░░░░░░░] 백업 생성 중...
   → tests/evidence/w03-recheck/.gitignore
  1/11 [▓▓░░░░░░░░░░░░░░░░░░░░░░░░░░] 백업 생성 중...
   → tests/evidence/w03/live_security_probe.py
  1/11 [▓▓░░░░░░░░░░░░░░░░░░░░░░░░░░] 백업 생성 중...
   → tests/evidence/w03/live-security-probe.json
  1/11 [▓▓░░░░░░░░░░░░░░░░░░░░░░░░░░] 백업 생성 중...
   → tests/evidence/w03/commerce-guard-repair.json
  1/11 [▓▓░░░░░░░░░░░░░░░░░░░░░░░░░░] 백업 생성 중...
   → tests/evidence/api-doc-generation.json
  1/11 [▓▓░░░░░░░░░░░░░░░░░░░░░░░░░░] 백업 생성 중...
   → tests/Feature/CatalogValidationTest.php
  1/11 [▓▓░░░░░░░░░░░░░░░░░░░░░░░░░░] 백업 생성 중...
   → tests/Feature/W03SecurityReviewTest.php
  1/11 [▓▓░░░░░░░░░░░░░░░░░░░░░░░░░░] 백업 생성 중...
   → tests/Feature/DepartureManagementTest.php
  1/11 [▓▓░░░░░░░░░░░░░░░░░░░░░░░░░░] 백업 생성 중...
   → tests/Feature/W03CatalogRepairTest.php
  1/11 [▓▓░░░░░░░░░░░░░░░░░░░░░░░░░░] 백업 생성 중...
   → tests/Feature/TravelSupportAdminLayoutRulesTest.php
  1/11 [▓▓░░░░░░░░░░░░░░░░░░░░░░░░░░] 백업 생성 중...
   → tests/Feature/InquiryIdempotencyGapRegressionTest.php
  1/11 [▓▓░░░░░░░░░░░░░░░░░░░░░░░░░░] 백업 생성 중...
   → tests/Feature/W03SecurityRecheckTest.php
  1/11 [▓▓░░░░░░░░░░░░░░░░░░░░░░░░░░] 백업 생성 중...
   → tests/Feature/TravelSupportNotificationTest.php
  1/11 [▓▓░░░░░░░░░░░░░░░░░░░░░░░░░░] 백업 생성 중...
   → tests/Feature/TravelWorkflowTest.php
  1/11 [▓▓░░░░░░░░░░░░░░░░░░░░░░░░░░] 백업 생성 중...
   → tests/Feature/TravelSupportProvisionerTest.php
  1/11 [▓▓░░░░░░░░░░░░░░░░░░░░░░░░░░] 백업 생성 중...
   → tests/Feature/CatalogDomainTest.php
  1/11 [▓▓░░░░░░░░░░░░░░░░░░░░░░░░░░] 백업 생성 중...
   → tests/Feature/TravelCheckoutGuardTest.php
  1/11 [▓▓░░░░░░░░░░░░░░░░░░░░░░░░░░] 백업 생성 중...
   → tests/Feature/W03SupportHardeningTest.php
  1/11 [▓▓░░░░░░░░░░░░░░░░░░░░░░░░░░] 백업 생성 중...
   → tests/Feature/TravelSupportApiTest.php
  1/11 [▓▓░░░░░░░░░░░░░░░░░░░░░░░░░░] 백업 생성 중...
   → tests/Feature/CatalogApiTest.php
  1/11 [▓▓░░░░░░░░░░░░░░░░░░░░░░░░░░] 백업 생성 중...
   → tests/Feature/TravelWorkflowRegressionTest.php
  1/11 [▓▓░░░░░░░░░░░░░░░░░░░░░░░░░░] 백업 생성 중...
   → tests/Feature/SchemaAndSeederTest.php
  1/11 [▓▓░░░░░░░░░░░░░░░░░░░░░░░░░░] 백업 생성 중...
   → tests/bootstrap.php
  1/11 [▓▓░░░░░░░░░░░░░░░░░░░░░░░░░░] 백업 생성 중...
   → tests/generate-domain-docs.php
  1/11 [▓▓░░░░░░░░░░░░░░░░░░░░░░░░░░] 백업 생성 중...
   → tests/SupportTestCase.php
  1/11 [▓▓░░░░░░░░░░░░░░░░░░░░░░░░░░] 백업 생성 중...
   → tests/UsesDatabaseThrottleCache.php
  1/11 [▓▓░░░░░░░░░░░░░░░░░░░░░░░░░░] 백업 생성 중...
   → tests/scenarios/workflow.yaml
  1/11 [▓▓░░░░░░░░░░░░░░░░░░░░░░░░░░] 백업 생성 중...
   → tests/scenarios/travel-support.yaml
  1/11 [▓▓░░░░░░░░░░░░░░░░░░░░░░░░░░] 백업 생성 중...
   → tests/scenarios/catalog_domain.yaml
  1/11 [▓▓░░░░░░░░░░░░░░░░░░░░░░░░░░] 백업 생성 중...
   → tests/WORKFLOW_EVIDENCE.md
  1/11 [▓▓░░░░░░░░░░░░░░░░░░░░░░░░░░] 백업 생성 중...
   → tests/WorkflowTestCase.php
  1/11 [▓▓░░░░░░░░░░░░░░░░░░░░░░░░░░] 백업 생성 중...
   → tests/README.md
  1/11 [▓▓░░░░░░░░░░░░░░░░░░░░░░░░░░] 백업 생성 중...
   → tests/phpunit.xml
  1/11 [▓▓░░░░░░░░░░░░░░░░░░░░░░░░░░] 백업 생성 중...
   → composer.json
  3/11 [▓▓▓▓▓▓▓░░░░░░░░░░░░░░░░░░░░░] 스테이징 중...
   → docs/architecture.md
  3/11 [▓▓▓▓▓▓▓░░░░░░░░░░░░░░░░░░░░░] 스테이징 중...
   → docs/domain-delivery.md
  3/11 [▓▓▓▓▓▓▓░░░░░░░░░░░░░░░░░░░░░] 스테이징 중...
   → docs/domain-evidence.md
  3/11 [▓▓▓▓▓▓▓░░░░░░░░░░░░░░░░░░░░░] 스테이징 중...
   → docs/extension-points.md
  3/11 [▓▓▓▓▓▓▓░░░░░░░░░░░░░░░░░░░░░] 스테이징 중...
   → docs/domain-api.md
  3/11 [▓▓▓▓▓▓▓░░░░░░░░░░░░░░░░░░░░░] 스테이징 중...
   → docs/editor-spec.md
  3/11 [▓▓▓▓▓▓▓░░░░░░░░░░░░░░░░░░░░░] 스테이징 중...
   → docs/README.md
  3/11 [▓▓▓▓▓▓▓░░░░░░░░░░░░░░░░░░░░░] 스테이징 중...
   → docs/support.md
  3/11 [▓▓▓▓▓▓▓░░░░░░░░░░░░░░░░░░░░░] 스테이징 중...
   → docs/data-model.md
  3/11 [▓▓▓▓▓▓▓░░░░░░░░░░░░░░░░░░░░░] 스테이징 중...
   → docs/api/inquiries.md
  3/11 [▓▓▓▓▓▓▓░░░░░░░░░░░░░░░░░░░░░] 스테이징 중...
   → docs/api/README.md
  3/11 [▓▓▓▓▓▓▓░░░░░░░░░░░░░░░░░░░░░] 스테이징 중...
   → docs/api/support.md
  3/11 [▓▓▓▓▓▓▓░░░░░░░░░░░░░░░░░░░░░] 스테이징 중...
   → docs/api/cart.md
  3/11 [▓▓▓▓▓▓▓░░░░░░░░░░░░░░░░░░░░░] 스테이징 중...
   → docs/api/campaigns.md
  3/11 [▓▓▓▓▓▓▓░░░░░░░░░░░░░░░░░░░░░] 스테이징 중...
   → docs/api/workflow.md
  3/11 [▓▓▓▓▓▓▓░░░░░░░░░░░░░░░░░░░░░] 스테이징 중...
   → docs/api/catalog.md
  3/11 [▓▓▓▓▓▓▓░░░░░░░░░░░░░░░░░░░░░] 스테이징 중...
   → docs/settings.md
  3/11 [▓▓▓▓▓▓▓░░░░░░░░░░░░░░░░░░░░░] 스테이징 중...
   → docs/frontend.md
  3/11 [▓▓▓▓▓▓▓░░░░░░░░░░░░░░░░░░░░░] 스테이징 중...
   → docs/campaigns.md
  3/11 [▓▓▓▓▓▓▓░░░░░░░░░░░░░░░░░░░░░] 스테이징 중...
   → docs/support-api.md
  3/11 [▓▓▓▓▓▓▓░░░░░░░░░░░░░░░░░░░░░] 스테이징 중...
   → docs/domain.md
  3/11 [▓▓▓▓▓▓▓░░░░░░░░░░░░░░░░░░░░░] 스테이징 중...
   → module.json
  3/11 [▓▓▓▓▓▓▓░░░░░░░░░░░░░░░░░░░░░] 스테이징 중...
   → editor-spec.json
  3/11 [▓▓▓▓▓▓▓░░░░░░░░░░░░░░░░░░░░░] 스테이징 중...
   → database/seeders/DatabaseSeeder.php
  3/11 [▓▓▓▓▓▓▓░░░░░░░░░░░░░░░░░░░░░] 스테이징 중...
   → database/seeders/SyntheticCatalogSeeder.php
  3/11 [▓▓▓▓▓▓▓░░░░░░░░░░░░░░░░░░░░░] 스테이징 중...
   → database/seeders/SyntheticCatalogHelper.php
  3/11 [▓▓▓▓▓▓▓░░░░░░░░░░░░░░░░░░░░░] 스테이징 중...
   → database/migrations/2026_10_09_000001_create_travel_lab_tables.php
  3/11 [▓▓▓▓▓▓▓░░░░░░░░░░░░░░░░░░░░░] 스테이징 중...
   → database/migrations/2026_10_09_900001_add_inquiry_evidence.php
  3/11 [▓▓▓▓▓▓▓░░░░░░░░░░░░░░░░░░░░░] 스테이징 중...
   → config/support.php
  3/11 [▓▓▓▓▓▓▓░░░░░░░░░░░░░░░░░░░░░] 스테이징 중...
   → config/campaigns.php
  3/11 [▓▓▓▓▓▓▓░░░░░░░░░░░░░░░░░░░░░] 스테이징 중...
   → config/catalog.php
  3/11 [▓▓▓▓▓▓▓░░░░░░░░░░░░░░░░░░░░░] 스테이징 중...
   → module.php
  3/11 [▓▓▓▓▓▓▓░░░░░░░░░░░░░░░░░░░░░] 스테이징 중...
   → README.md
  3/11 [▓▓▓▓▓▓▓░░░░░░░░░░░░░░░░░░░░░] 스테이징 중...
   → CHANGELOG.md
  3/11 [▓▓▓▓▓▓▓░░░░░░░░░░░░░░░░░░░░░] 스테이징 중...
   → src/Http/Resources/AdminDepartureResource.php
  3/11 [▓▓▓▓▓▓▓░░░░░░░░░░░░░░░░░░░░░] 스테이징 중...
   → src/Http/Resources/AdminInquiryCollection.php
  3/11 [▓▓▓▓▓▓▓░░░░░░░░░░░░░░░░░░░░░] 스테이징 중...
   → src/Http/Resources/SupportPostResource.php
  3/11 [▓▓▓▓▓▓▓░░░░░░░░░░░░░░░░░░░░░] 스테이징 중...
   → src/Http/Resources/CatalogCandidateResource.php
  3/11 [▓▓▓▓▓▓▓░░░░░░░░░░░░░░░░░░░░░] 스테이징 중...
   → src/Http/Resources/DepartureResource.php
  3/11 [▓▓▓▓▓▓▓░░░░░░░░░░░░░░░░░░░░░] 스테이징 중...
   → src/Http/Resources/InquiryResource.php
  3/11 [▓▓▓▓▓▓▓░░░░░░░░░░░░░░░░░░░░░] 스테이징 중...
   → src/Http/Resources/AdminCatalogResource.php
  3/11 [▓▓▓▓▓▓▓░░░░░░░░░░░░░░░░░░░░░] 스테이징 중...
   → src/Http/Resources/CatalogCollection.php
  3/11 [▓▓▓▓▓▓▓░░░░░░░░░░░░░░░░░░░░░] 스테이징 중...
   → src/Http/Resources/SupportPostCollection.php
  3/11 [▓▓▓▓▓▓▓░░░░░░░░░░░░░░░░░░░░░] 스테이징 중...
   → src/Http/Resources/TravelCartResource.php
  3/11 [▓▓▓▓▓▓▓░░░░░░░░░░░░░░░░░░░░░] 스테이징 중...
   → src/Http/Resources/InquiryCollection.php
  3/11 [▓▓▓▓▓▓▓░░░░░░░░░░░░░░░░░░░░░] 스테이징 중...
   → src/Http/Resources/AdminInquiryResource.php
  3/11 [▓▓▓▓▓▓▓░░░░░░░░░░░░░░░░░░░░░] 스테이징 중...
   → src/Http/Resources/CatalogCandidateCollection.php
  3/11 [▓▓▓▓▓▓▓░░░░░░░░░░░░░░░░░░░░░] 스테이징 중...
   → src/Http/Resources/SupportAnswerResource.php
  3/11 [▓▓▓▓▓▓▓░░░░░░░░░░░░░░░░░░░░░] 스테이징 중...
   → src/Http/Resources/CatalogResource.php
  3/11 [▓▓▓▓▓▓▓░░░░░░░░░░░░░░░░░░░░░] 스테이징 중...
   → src/Http/Resources/AdminCatalogCollection.php
  3/11 [▓▓▓▓▓▓▓░░░░░░░░░░░░░░░░░░░░░] 스테이징 중...
   → src/Http/Resources/CampaignResource.php
  3/11 [▓▓▓▓▓▓▓░░░░░░░░░░░░░░░░░░░░░] 스테이징 중...
   → src/Http/Resources/InquiryItemResource.php
  3/11 [▓▓▓▓▓▓▓░░░░░░░░░░░░░░░░░░░░░] 스테이징 중...
   → src/Http/Controllers/Admin/InquiryController.php
  3/11 [▓▓▓▓▓▓▓░░░░░░░░░░░░░░░░░░░░░] 스테이징 중...
   → src/Http/Controllers/AdminCatalogController.php
  3/11 [▓▓▓▓▓▓▓░░░░░░░░░░░░░░░░░░░░░] 스테이징 중...
   → src/Http/Controllers/Api/SupportController.php
  3/11 [▓▓▓▓▓▓▓░░░░░░░░░░░░░░░░░░░░░] 스테이징 중...
   → src/Http/Controllers/Api/CartController.php
  3/11 [▓▓▓▓▓▓▓░░░░░░░░░░░░░░░░░░░░░] 스테이징 중...
   → src/Http/Controllers/Api/CampaignController.php
  3/11 [▓▓▓▓▓▓▓░░░░░░░░░░░░░░░░░░░░░] 스테이징 중...
   → src/Http/Controllers/Api/InquiryController.php
  3/11 [▓▓▓▓▓▓▓░░░░░░░░░░░░░░░░░░░░░] 스테이징 중...
   → src/Http/Controllers/CatalogController.php
  3/11 [▓▓▓▓▓▓▓░░░░░░░░░░░░░░░░░░░░░] 스테이징 중...
   → src/Http/Requests/CatalogCandidatesRequest.php
  3/11 [▓▓▓▓▓▓▓░░░░░░░░░░░░░░░░░░░░░] 스테이징 중...
   → src/Http/Requests/SupportListRequest.php
  3/11 [▓▓▓▓▓▓▓░░░░░░░░░░░░░░░░░░░░░] 스테이징 중...
   → src/Http/Requests/CatalogRegisterRequest.php
  3/11 [▓▓▓▓▓▓▓░░░░░░░░░░░░░░░░░░░░░] 스테이징 중...
   → src/Http/Requests/Campaign/CampaignShowRequest.php
  3/11 [▓▓▓▓▓▓▓░░░░░░░░░░░░░░░░░░░░░] 스테이징 중...
   → src/Http/Requests/Campaign/CampaignListRequest.php
  3/11 [▓▓▓▓▓▓▓░░░░░░░░░░░░░░░░░░░░░] 스테이징 중...
   → src/Http/Requests/Workflow/UpdateTravelCartRequest.php
  3/11 [▓▓▓▓▓▓▓░░░░░░░░░░░░░░░░░░░░░] 스테이징 중...
   → src/Http/Requests/Workflow/WorkflowRequest.php
  3/11 [▓▓▓▓▓▓▓░░░░░░░░░░░░░░░░░░░░░] 스테이징 중...
   → src/Http/Requests/Workflow/SubmitInquiryRequest.php
  3/11 [▓▓▓▓▓▓▓░░░░░░░░░░░░░░░░░░░░░] 스테이징 중...
   → src/Http/Requests/Workflow/UpdateInquiryRequest.php
  3/11 [▓▓▓▓▓▓▓░░░░░░░░░░░░░░░░░░░░░] 스테이징 중...
   → src/Http/Requests/Workflow/ListInquiriesRequest.php
  3/11 [▓▓▓▓▓▓▓░░░░░░░░░░░░░░░░░░░░░] 스테이징 중...
   → src/Http/Requests/Workflow/AddTravelCartRequest.php
  3/11 [▓▓▓▓▓▓▓░░░░░░░░░░░░░░░░░░░░░] 스테이징 중...
   → src/Http/Requests/CatalogListRequest.php
  3/11 [▓▓▓▓▓▓▓░░░░░░░░░░░░░░░░░░░░░] 스테이징 중...
   → src/Http/Requests/SupportQuestionUpdateRequest.php
  3/11 [▓▓▓▓▓▓▓░░░░░░░░░░░░░░░░░░░░░] 스테이징 중...
   → src/Http/Requests/CatalogUpdateRequest.php
  3/11 [▓▓▓▓▓▓▓░░░░░░░░░░░░░░░░░░░░░] 스테이징 중...
   → src/Http/Requests/DepartureRequest.php
  3/11 [▓▓▓▓▓▓▓░░░░░░░░░░░░░░░░░░░░░] 스테이징 중...
   → src/Http/Requests/SupportQuestionStoreRequest.php
  3/11 [▓▓▓▓▓▓▓░░░░░░░░░░░░░░░░░░░░░] 스테이징 중...
   → src/Http/Middleware/TravelOptionalSanctum.php
  3/11 [▓▓▓▓▓▓▓░░░░░░░░░░░░░░░░░░░░░] 스테이징 중...
   → src/Http/Middleware/TravelCatalogConflictResponse.php
  3/11 [▓▓▓▓▓▓▓░░░░░░░░░░░░░░░░░░░░░] 스테이징 중...
   → src/Http/Middleware/TravelThrottleRequests.php
  3/11 [▓▓▓▓▓▓▓░░░░░░░░░░░░░░░░░░░░░] 스테이징 중...
   → src/Support/CampaignSlot.php
  3/11 [▓▓▓▓▓▓▓░░░░░░░░░░░░░░░░░░░░░] 스테이징 중...
   → src/Support/CampaignRegistry.php
  3/11 [▓▓▓▓▓▓▓░░░░░░░░░░░░░░░░░░░░░] 스테이징 중...
   → src/Support/TravelDate.php
  3/11 [▓▓▓▓▓▓▓░░░░░░░░░░░░░░░░░░░░░] 스테이징 중...
   → src/lang/ko/enums.php
  3/11 [▓▓▓▓▓▓▓░░░░░░░░░░░░░░░░░░░░░] 스테이징 중...
   → src/lang/ko/support.php
  3/11 [▓▓▓▓▓▓▓░░░░░░░░░░░░░░░░░░░░░] 스테이징 중...
   → src/lang/ko/campaigns.php
  3/11 [▓▓▓▓▓▓▓░░░░░░░░░░░░░░░░░░░░░] 스테이징 중...
   → src/lang/ko/workflow.php
  3/11 [▓▓▓▓▓▓▓░░░░░░░░░░░░░░░░░░░░░] 스테이징 중...
   → src/lang/ko/messages.php
  3/11 [▓▓▓▓▓▓▓░░░░░░░░░░░░░░░░░░░░░] 스테이징 중...
   → src/lang/en/enums.php
  3/11 [▓▓▓▓▓▓▓░░░░░░░░░░░░░░░░░░░░░] 스테이징 중...
   → src/lang/en/support.php
  3/11 [▓▓▓▓▓▓▓░░░░░░░░░░░░░░░░░░░░░] 스테이징 중...
   → src/lang/en/campaigns.php
  3/11 [▓▓▓▓▓▓▓░░░░░░░░░░░░░░░░░░░░░] 스테이징 중...
   → src/lang/en/workflow.php
  3/11 [▓▓▓▓▓▓▓░░░░░░░░░░░░░░░░░░░░░] 스테이징 중...
   → src/lang/en/messages.php
  3/11 [▓▓▓▓▓▓▓░░░░░░░░░░░░░░░░░░░░░] 스테이징 중...
   → src/Repositories/WorkflowCartRepository.php
  3/11 [▓▓▓▓▓▓▓░░░░░░░░░░░░░░░░░░░░░] 스테이징 중...
   → src/Repositories/WorkflowInquiryRepository.php
  3/11 [▓▓▓▓▓▓▓░░░░░░░░░░░░░░░░░░░░░] 스테이징 중...
   → src/Repositories/CampaignPageRepository.php
  3/11 [▓▓▓▓▓▓▓░░░░░░░░░░░░░░░░░░░░░] 스테이징 중...
   → src/Repositories/Contracts/CampaignPageRepositoryInterface.php
  3/11 [▓▓▓▓▓▓▓░░░░░░░░░░░░░░░░░░░░░] 스테이징 중...
   → src/Repositories/Contracts/TravelSupportPostRepositoryInterface.php
  3/11 [▓▓▓▓▓▓▓░░░░░░░░░░░░░░░░░░░░░] 스테이징 중...
   → src/Repositories/Contracts/CatalogRepositoryInterface.php
  3/11 [▓▓▓▓▓▓▓░░░░░░░░░░░░░░░░░░░░░] 스테이징 중...
   → src/Repositories/Contracts/WorkflowCartRepositoryInterface.php
  3/11 [▓▓▓▓▓▓▓░░░░░░░░░░░░░░░░░░░░░] 스테이징 중...
   → src/Repositories/Contracts/WorkflowInquiryRepositoryInterface.php
  3/11 [▓▓▓▓▓▓▓░░░░░░░░░░░░░░░░░░░░░] 스테이징 중...
   → src/Repositories/TravelSupportPostRepository.php
  3/11 [▓▓▓▓▓▓▓░░░░░░░░░░░░░░░░░░░░░] 스테이징 중...
   → src/Repositories/CatalogRepository.php
  3/11 [▓▓▓▓▓▓▓░░░░░░░░░░░░░░░░░░░░░] 스테이징 중...
   → src/Models/Departure.php
  3/11 [▓▓▓▓▓▓▓░░░░░░░░░░░░░░░░░░░░░] 스테이징 중...
   → src/Models/InquiryItem.php
  3/11 [▓▓▓▓▓▓▓░░░░░░░░░░░░░░░░░░░░░] 스테이징 중...
   → src/Models/Inquiry.php
  3/11 [▓▓▓▓▓▓▓░░░░░░░░░░░░░░░░░░░░░] 스테이징 중...
   → src/Models/TravelProduct.php
  3/11 [▓▓▓▓▓▓▓░░░░░░░░░░░░░░░░░░░░░] 스테이징 중...
   → src/Models/InquiryEvent.php
  3/11 [▓▓▓▓▓▓▓░░░░░░░░░░░░░░░░░░░░░] 스테이징 중...
   → src/Services/CatalogService.php
  3/11 [▓▓▓▓▓▓▓░░░░░░░░░░░░░░░░░░░░░] 스테이징 중...
   → src/Services/CampaignService.php
  3/11 [▓▓▓▓▓▓▓░░░░░░░░░░░░░░░░░░░░░] 스테이징 중...
   → src/Services/TravelCampaignSeedContent.php
  3/11 [▓▓▓▓▓▓▓░░░░░░░░░░░░░░░░░░░░░] 스테이징 중...
   → src/Services/TravelCampaignProvisioner.php
  3/11 [▓▓▓▓▓▓▓░░░░░░░░░░░░░░░░░░░░░] 스테이징 중...
   → src/Services/TravelCartService.php
  3/11 [▓▓▓▓▓▓▓░░░░░░░░░░░░░░░░░░░░░] 스테이징 중...
   → src/Services/TravelSupportSeedContent.php
  3/11 [▓▓▓▓▓▓▓░░░░░░░░░░░░░░░░░░░░░] 스테이징 중...
   → src/Services/TravelSupportProvisioner.php
  3/11 [▓▓▓▓▓▓▓░░░░░░░░░░░░░░░░░░░░░] 스테이징 중...
   → src/Services/InquiryService.php
  3/11 [▓▓▓▓▓▓▓░░░░░░░░░░░░░░░░░░░░░] 스테이징 중...
   → src/Services/TravelSupportService.php
  3/11 [▓▓▓▓▓▓▓░░░░░░░░░░░░░░░░░░░░░] 스테이징 중...
   → src/Enums/CatalogSort.php
  3/11 [▓▓▓▓▓▓▓░░░░░░░░░░░░░░░░░░░░░] 스테이징 중...
   → src/Enums/Region.php
  3/11 [▓▓▓▓▓▓▓░░░░░░░░░░░░░░░░░░░░░] 스테이징 중...
   → src/Enums/Theme.php
  3/11 [▓▓▓▓▓▓▓░░░░░░░░░░░░░░░░░░░░░] 스테이징 중...
   → src/Enums/InquiryStatus.php
  3/11 [▓▓▓▓▓▓▓░░░░░░░░░░░░░░░░░░░░░] 스테이징 중...
   → src/Enums/TravelSupportChannel.php
  3/11 [▓▓▓▓▓▓▓░░░░░░░░░░░░░░░░░░░░░] 스테이징 중...
   → src/routes/support.php
  3/11 [▓▓▓▓▓▓▓░░░░░░░░░░░░░░░░░░░░░] 스테이징 중...
   → src/routes/campaigns.php
  3/11 [▓▓▓▓▓▓▓░░░░░░░░░░░░░░░░░░░░░] 스테이징 중...
   → src/routes/catalog.php
  3/11 [▓▓▓▓▓▓▓░░░░░░░░░░░░░░░░░░░░░] 스테이징 중...
   → src/routes/workflow.php
  3/11 [▓▓▓▓▓▓▓░░░░░░░░░░░░░░░░░░░░░] 스테이징 중...
   → src/routes/api.php
  3/11 [▓▓▓▓▓▓▓░░░░░░░░░░░░░░░░░░░░░] 스테이징 중...
   → src/Exceptions/CatalogConflictException.php
  3/11 [▓▓▓▓▓▓▓░░░░░░░░░░░░░░░░░░░░░] 스테이징 중...
   → src/Exceptions/TravelCampaignException.php
  3/11 [▓▓▓▓▓▓▓░░░░░░░░░░░░░░░░░░░░░] 스테이징 중...
   → src/Exceptions/TravelSupportException.php
  3/11 [▓▓▓▓▓▓▓░░░░░░░░░░░░░░░░░░░░░] 스테이징 중...
   → src/Providers/TravelLabServiceProvider.php
  3/11 [▓▓▓▓▓▓▓░░░░░░░░░░░░░░░░░░░░░] 스테이징 중...
   → src/Console/Commands/ProvisionTravelCampaignsCommand.php
  3/11 [▓▓▓▓▓▓▓░░░░░░░░░░░░░░░░░░░░░] 스테이징 중...
   → src/Console/Commands/ProvisionTravelSupportCommand.php
  3/11 [▓▓▓▓▓▓▓░░░░░░░░░░░░░░░░░░░░░] 스테이징 중...
   → src/Listeners/ExcludeTravelSupportQuestionsFromSearch.php
  3/11 [▓▓▓▓▓▓▓░░░░░░░░░░░░░░░░░░░░░] 스테이징 중...
   → src/Listeners/SuppressTravelSupportNotifications.php
  3/11 [▓▓▓▓▓▓▓░░░░░░░░░░░░░░░░░░░░░] 스테이징 중...
   → src/Listeners/BlockTravelCommerceCheckout.php
  3/11 [▓▓▓▓▓▓▓░░░░░░░░░░░░░░░░░░░░░] 스테이징 중...
   → src/Listeners/InvalidateTravelCampaignSeoCache.php
  3/11 [▓▓▓▓▓▓▓░░░░░░░░░░░░░░░░░░░░░] 스테이징 중...
   → src/Listeners/ProtectTravelCommerceCatalog.php
  3/11 [▓▓▓▓▓▓▓░░░░░░░░░░░░░░░░░░░░░] 스테이징 중...
   → AGENTS.md
  3/11 [▓▓▓▓▓▓▓░░░░░░░░░░░░░░░░░░░░░] 스테이징 중...
   → vitest.config.ts
  3/11 [▓▓▓▓▓▓▓░░░░░░░░░░░░░░░░░░░░░] 스테이징 중...
   → resources/routes.json
  3/11 [▓▓▓▓▓▓▓░░░░░░░░░░░░░░░░░░░░░] 스테이징 중...
   → resources/js/__tests__/layouts/admin-travel-lab-campaigns.test.tsx
  3/11 [▓▓▓▓▓▓▓░░░░░░░░░░░░░░░░░░░░░] 스테이징 중...
   → resources/js/__tests__/layouts/admin-travel-lab-layouts.test.tsx
  3/11 [▓▓▓▓▓▓▓░░░░░░░░░░░░░░░░░░░░░] 스테이징 중...
   → resources/lang/en.json
  3/11 [▓▓▓▓▓▓▓░░░░░░░░░░░░░░░░░░░░░] 스테이징 중...
   → resources/lang/partial/ko/admin.json
  3/11 [▓▓▓▓▓▓▓░░░░░░░░░░░░░░░░░░░░░] 스테이징 중...
   → resources/lang/partial/en/admin.json
  3/11 [▓▓▓▓▓▓▓░░░░░░░░░░░░░░░░░░░░░] 스테이징 중...
   → resources/lang/ko.json
  3/11 [▓▓▓▓▓▓▓░░░░░░░░░░░░░░░░░░░░░] 스테이징 중...
   → resources/layouts/admin/admin_travel_lab_inquiry_detail.json
  3/11 [▓▓▓▓▓▓▓░░░░░░░░░░░░░░░░░░░░░] 스테이징 중...
   → resources/layouts/admin/admin_travel_lab_catalog.json
  3/11 [▓▓▓▓▓▓▓░░░░░░░░░░░░░░░░░░░░░] 스테이징 중...
   → resources/layouts/admin/admin_travel_lab_support.json
  3/11 [▓▓▓▓▓▓▓░░░░░░░░░░░░░░░░░░░░░] 스테이징 중...
   → resources/layouts/admin/admin_travel_lab_campaigns.json
  3/11 [▓▓▓▓▓▓▓░░░░░░░░░░░░░░░░░░░░░] 스테이징 중...
   → resources/layouts/admin/admin_travel_lab_inquiry_list.json
  3/11 [▓▓▓▓▓▓▓░░░░░░░░░░░░░░░░░░░░░] 스테이징 중...
   → tests/ModuleTestCase.php
  3/11 [▓▓▓▓▓▓▓░░░░░░░░░░░░░░░░░░░░░] 스테이징 중...
   → tests/generate-campaign-docs.php
  3/11 [▓▓▓▓▓▓▓░░░░░░░░░░░░░░░░░░░░░] 스테이징 중...
   → tests/evidence/domain-test-evidence.json
  3/11 [▓▓▓▓▓▓▓░░░░░░░░░░░░░░░░░░░░░] 스테이징 중...
   → tests/evidence/domain-phpunit.txt
  3/11 [▓▓▓▓▓▓▓░░░░░░░░░░░░░░░░░░░░░] 스테이징 중...
   → tests/evidence/w03-recheck/live_recheck_probe.py
  3/11 [▓▓▓▓▓▓▓░░░░░░░░░░░░░░░░░░░░░] 스테이징 중...
   → tests/evidence/w03-recheck/live-recheck-probe.json
  3/11 [▓▓▓▓▓▓▓░░░░░░░░░░░░░░░░░░░░░] 스테이징 중...
   → tests/evidence/w03-recheck/row_lock_barrier.php
  3/11 [▓▓▓▓▓▓▓░░░░░░░░░░░░░░░░░░░░░] 스테이징 중...
   → tests/evidence/w03-recheck/.gitignore
  3/11 [▓▓▓▓▓▓▓░░░░░░░░░░░░░░░░░░░░░] 스테이징 중...
   → tests/evidence/w03/live_security_probe.py
  3/11 [▓▓▓▓▓▓▓░░░░░░░░░░░░░░░░░░░░░] 스테이징 중...
   → tests/evidence/w03/live-security-probe.json
  3/11 [▓▓▓▓▓▓▓░░░░░░░░░░░░░░░░░░░░░] 스테이징 중...
   → tests/evidence/w03/commerce-guard-repair.json
  3/11 [▓▓▓▓▓▓▓░░░░░░░░░░░░░░░░░░░░░] 스테이징 중...
   → tests/evidence/api-doc-generation.json
  3/11 [▓▓▓▓▓▓▓░░░░░░░░░░░░░░░░░░░░░] 스테이징 중...
   → tests/CampaignTestCase.php
  3/11 [▓▓▓▓▓▓▓░░░░░░░░░░░░░░░░░░░░░] 스테이징 중...
   → tests/CAMPAIGN_EVIDENCE.md
  3/11 [▓▓▓▓▓▓▓░░░░░░░░░░░░░░░░░░░░░] 스테이징 중...
   → tests/Feature/CatalogValidationTest.php
  3/11 [▓▓▓▓▓▓▓░░░░░░░░░░░░░░░░░░░░░] 스테이징 중...
   → tests/Feature/W03SecurityReviewTest.php
  3/11 [▓▓▓▓▓▓▓░░░░░░░░░░░░░░░░░░░░░] 스테이징 중...
   → tests/Feature/DepartureManagementTest.php
  3/11 [▓▓▓▓▓▓▓░░░░░░░░░░░░░░░░░░░░░] 스테이징 중...
   → tests/Feature/W03CatalogRepairTest.php
  3/11 [▓▓▓▓▓▓▓░░░░░░░░░░░░░░░░░░░░░] 스테이징 중...
   → tests/Feature/TravelSupportAdminLayoutRulesTest.php
  3/11 [▓▓▓▓▓▓▓░░░░░░░░░░░░░░░░░░░░░] 스테이징 중...
   → tests/Feature/InquiryIdempotencyGapRegressionTest.php
  3/11 [▓▓▓▓▓▓▓░░░░░░░░░░░░░░░░░░░░░] 스테이징 중...
   → tests/Feature/Campaign/CampaignSeoInvalidationTest.php
  3/11 [▓▓▓▓▓▓▓░░░░░░░░░░░░░░░░░░░░░] 스테이징 중...
   → tests/Feature/Campaign/CampaignAdminNativeContractTest.php
  3/11 [▓▓▓▓▓▓▓░░░░░░░░░░░░░░░░░░░░░] 스테이징 중...
   → tests/Feature/Campaign/CampaignRegistryTest.php
  3/11 [▓▓▓▓▓▓▓░░░░░░░░░░░░░░░░░░░░░] 스테이징 중...
   → tests/Feature/Campaign/CampaignProvisionCommandTest.php
  3/11 [▓▓▓▓▓▓▓░░░░░░░░░░░░░░░░░░░░░] 스테이징 중...
   → tests/Feature/Campaign/CampaignApiTest.php
  3/11 [▓▓▓▓▓▓▓░░░░░░░░░░░░░░░░░░░░░] 스테이징 중...
   → tests/Feature/W03SecurityRecheckTest.php
  3/11 [▓▓▓▓▓▓▓░░░░░░░░░░░░░░░░░░░░░] 스테이징 중...
   → tests/Feature/TravelSupportNotificationTest.php
  3/11 [▓▓▓▓▓▓▓░░░░░░░░░░░░░░░░░░░░░] 스테이징 중...
   → tests/Feature/TravelWorkflowTest.php
  3/11 [▓▓▓▓▓▓▓░░░░░░░░░░░░░░░░░░░░░] 스테이징 중...
   → tests/Feature/TravelSupportProvisionerTest.php
  3/11 [▓▓▓▓▓▓▓░░░░░░░░░░░░░░░░░░░░░] 스테이징 중...
   → tests/Feature/CatalogDomainTest.php
  3/11 [▓▓▓▓▓▓▓░░░░░░░░░░░░░░░░░░░░░] 스테이징 중...
   → tests/Feature/TravelCheckoutGuardTest.php
  3/11 [▓▓▓▓▓▓▓░░░░░░░░░░░░░░░░░░░░░] 스테이징 중...
   → tests/Feature/W03SupportHardeningTest.php
  3/11 [▓▓▓▓▓▓▓░░░░░░░░░░░░░░░░░░░░░] 스테이징 중...
   → tests/Feature/TravelSupportApiTest.php
  3/11 [▓▓▓▓▓▓▓░░░░░░░░░░░░░░░░░░░░░] 스테이징 중...
   → tests/Feature/CatalogApiTest.php
  3/11 [▓▓▓▓▓▓▓░░░░░░░░░░░░░░░░░░░░░] 스테이징 중...
   → tests/Feature/TravelWorkflowRegressionTest.php
  3/11 [▓▓▓▓▓▓▓░░░░░░░░░░░░░░░░░░░░░] 스테이징 중...
   → tests/Feature/SchemaAndSeederTest.php
  3/11 [▓▓▓▓▓▓▓░░░░░░░░░░░░░░░░░░░░░] 스테이징 중...
   → tests/bootstrap.php
  3/11 [▓▓▓▓▓▓▓░░░░░░░░░░░░░░░░░░░░░] 스테이징 중...
   → tests/generate-domain-docs.php
  3/11 [▓▓▓▓▓▓▓░░░░░░░░░░░░░░░░░░░░░] 스테이징 중...
   → tests/SupportTestCase.php
  3/11 [▓▓▓▓▓▓▓░░░░░░░░░░░░░░░░░░░░░] 스테이징 중...
   → tests/UsesDatabaseThrottleCache.php
  3/11 [▓▓▓▓▓▓▓░░░░░░░░░░░░░░░░░░░░░] 스테이징 중...
   → tests/scenarios/workflow.yaml
  3/11 [▓▓▓▓▓▓▓░░░░░░░░░░░░░░░░░░░░░] 스테이징 중...
   → tests/scenarios/travel-support.yaml
  3/11 [▓▓▓▓▓▓▓░░░░░░░░░░░░░░░░░░░░░] 스테이징 중...
   → tests/scenarios/campaigns.yaml
  3/11 [▓▓▓▓▓▓▓░░░░░░░░░░░░░░░░░░░░░] 스테이징 중...
   → tests/scenarios/catalog_domain.yaml
  3/11 [▓▓▓▓▓▓▓░░░░░░░░░░░░░░░░░░░░░] 스테이징 중...
   → tests/WORKFLOW_EVIDENCE.md
  3/11 [▓▓▓▓▓▓▓░░░░░░░░░░░░░░░░░░░░░] 스테이징 중...
   → tests/WorkflowTestCase.php
  3/11 [▓▓▓▓▓▓▓░░░░░░░░░░░░░░░░░░░░░] 스테이징 중...
   → tests/README.md
  3/11 [▓▓▓▓▓▓▓░░░░░░░░░░░░░░░░░░░░░] 스테이징 중...
   → tests/phpunit.xml
  3/11 [▓▓▓▓▓▓▓░░░░░░░░░░░░░░░░░░░░░] 스테이징 중...
   → composer.json
  4/11 [▓▓▓▓▓▓▓▓▓▓░░░░░░░░░░░░░░░░░░] 파일 교체 중...
   → docs/architecture.md
  4/11 [▓▓▓▓▓▓▓▓▓▓░░░░░░░░░░░░░░░░░░] 파일 교체 중...
   → docs/domain-delivery.md
  4/11 [▓▓▓▓▓▓▓▓▓▓░░░░░░░░░░░░░░░░░░] 파일 교체 중...
   → docs/domain-evidence.md
  4/11 [▓▓▓▓▓▓▓▓▓▓░░░░░░░░░░░░░░░░░░] 파일 교체 중...
   → docs/extension-points.md
  4/11 [▓▓▓▓▓▓▓▓▓▓░░░░░░░░░░░░░░░░░░] 파일 교체 중...
   → docs/domain-api.md
  4/11 [▓▓▓▓▓▓▓▓▓▓░░░░░░░░░░░░░░░░░░] 파일 교체 중...
   → docs/editor-spec.md
  4/11 [▓▓▓▓▓▓▓▓▓▓░░░░░░░░░░░░░░░░░░] 파일 교체 중...
   → docs/README.md
  4/11 [▓▓▓▓▓▓▓▓▓▓░░░░░░░░░░░░░░░░░░] 파일 교체 중...
   → docs/support.md
  4/11 [▓▓▓▓▓▓▓▓▓▓░░░░░░░░░░░░░░░░░░] 파일 교체 중...
   → docs/data-model.md
  4/11 [▓▓▓▓▓▓▓▓▓▓░░░░░░░░░░░░░░░░░░] 파일 교체 중...
   → docs/api/inquiries.md
  4/11 [▓▓▓▓▓▓▓▓▓▓░░░░░░░░░░░░░░░░░░] 파일 교체 중...
   → docs/api/README.md
  4/11 [▓▓▓▓▓▓▓▓▓▓░░░░░░░░░░░░░░░░░░] 파일 교체 중...
   → docs/api/support.md
  4/11 [▓▓▓▓▓▓▓▓▓▓░░░░░░░░░░░░░░░░░░] 파일 교체 중...
   → docs/api/cart.md
  4/11 [▓▓▓▓▓▓▓▓▓▓░░░░░░░░░░░░░░░░░░] 파일 교체 중...
   → docs/api/campaigns.md
  4/11 [▓▓▓▓▓▓▓▓▓▓░░░░░░░░░░░░░░░░░░] 파일 교체 중...
   → docs/api/workflow.md
  4/11 [▓▓▓▓▓▓▓▓▓▓░░░░░░░░░░░░░░░░░░] 파일 교체 중...
   → docs/api/catalog.md
  4/11 [▓▓▓▓▓▓▓▓▓▓░░░░░░░░░░░░░░░░░░] 파일 교체 중...
   → docs/settings.md
  4/11 [▓▓▓▓▓▓▓▓▓▓░░░░░░░░░░░░░░░░░░] 파일 교체 중...
   → docs/frontend.md
  4/11 [▓▓▓▓▓▓▓▓▓▓░░░░░░░░░░░░░░░░░░] 파일 교체 중...
   → docs/campaigns.md
  4/11 [▓▓▓▓▓▓▓▓▓▓░░░░░░░░░░░░░░░░░░] 파일 교체 중...
   → docs/support-api.md
  4/11 [▓▓▓▓▓▓▓▓▓▓░░░░░░░░░░░░░░░░░░] 파일 교체 중...
   → docs/domain.md
  4/11 [▓▓▓▓▓▓▓▓▓▓░░░░░░░░░░░░░░░░░░] 파일 교체 중...
   → module.json
  4/11 [▓▓▓▓▓▓▓▓▓▓░░░░░░░░░░░░░░░░░░] 파일 교체 중...
   → editor-spec.json
  4/11 [▓▓▓▓▓▓▓▓▓▓░░░░░░░░░░░░░░░░░░] 파일 교체 중...
   → database/seeders/DatabaseSeeder.php
  4/11 [▓▓▓▓▓▓▓▓▓▓░░░░░░░░░░░░░░░░░░] 파일 교체 중...
   → database/seeders/SyntheticCatalogSeeder.php
  4/11 [▓▓▓▓▓▓▓▓▓▓░░░░░░░░░░░░░░░░░░] 파일 교체 중...
   → database/seeders/SyntheticCatalogHelper.php
  4/11 [▓▓▓▓▓▓▓▓▓▓░░░░░░░░░░░░░░░░░░] 파일 교체 중...
   → database/migrations/2026_10_09_000001_create_travel_lab_tables.php
  4/11 [▓▓▓▓▓▓▓▓▓▓░░░░░░░░░░░░░░░░░░] 파일 교체 중...
   → database/migrations/2026_10_09_900001_add_inquiry_evidence.php
  4/11 [▓▓▓▓▓▓▓▓▓▓░░░░░░░░░░░░░░░░░░] 파일 교체 중...
   → config/support.php
  4/11 [▓▓▓▓▓▓▓▓▓▓░░░░░░░░░░░░░░░░░░] 파일 교체 중...
   → config/campaigns.php
  4/11 [▓▓▓▓▓▓▓▓▓▓░░░░░░░░░░░░░░░░░░] 파일 교체 중...
   → config/catalog.php
  4/11 [▓▓▓▓▓▓▓▓▓▓░░░░░░░░░░░░░░░░░░] 파일 교체 중...
   → module.php
  4/11 [▓▓▓▓▓▓▓▓▓▓░░░░░░░░░░░░░░░░░░] 파일 교체 중...
   → README.md
  4/11 [▓▓▓▓▓▓▓▓▓▓░░░░░░░░░░░░░░░░░░] 파일 교체 중...
   → CHANGELOG.md
  4/11 [▓▓▓▓▓▓▓▓▓▓░░░░░░░░░░░░░░░░░░] 파일 교체 중...
   → src/Http/Resources/AdminDepartureResource.php
  4/11 [▓▓▓▓▓▓▓▓▓▓░░░░░░░░░░░░░░░░░░] 파일 교체 중...
   → src/Http/Resources/AdminInquiryCollection.php
  4/11 [▓▓▓▓▓▓▓▓▓▓░░░░░░░░░░░░░░░░░░] 파일 교체 중...
   → src/Http/Resources/SupportPostResource.php
  4/11 [▓▓▓▓▓▓▓▓▓▓░░░░░░░░░░░░░░░░░░] 파일 교체 중...
   → src/Http/Resources/CatalogCandidateResource.php
  4/11 [▓▓▓▓▓▓▓▓▓▓░░░░░░░░░░░░░░░░░░] 파일 교체 중...
   → src/Http/Resources/DepartureResource.php
  4/11 [▓▓▓▓▓▓▓▓▓▓░░░░░░░░░░░░░░░░░░] 파일 교체 중...
   → src/Http/Resources/InquiryResource.php
  4/11 [▓▓▓▓▓▓▓▓▓▓░░░░░░░░░░░░░░░░░░] 파일 교체 중...
   → src/Http/Resources/AdminCatalogResource.php
  4/11 [▓▓▓▓▓▓▓▓▓▓░░░░░░░░░░░░░░░░░░] 파일 교체 중...
   → src/Http/Resources/CatalogCollection.php
  4/11 [▓▓▓▓▓▓▓▓▓▓░░░░░░░░░░░░░░░░░░] 파일 교체 중...
   → src/Http/Resources/SupportPostCollection.php
  4/11 [▓▓▓▓▓▓▓▓▓▓░░░░░░░░░░░░░░░░░░] 파일 교체 중...
   → src/Http/Resources/TravelCartResource.php
  4/11 [▓▓▓▓▓▓▓▓▓▓░░░░░░░░░░░░░░░░░░] 파일 교체 중...
   → src/Http/Resources/InquiryCollection.php
  4/11 [▓▓▓▓▓▓▓▓▓▓░░░░░░░░░░░░░░░░░░] 파일 교체 중...
   → src/Http/Resources/AdminInquiryResource.php
  4/11 [▓▓▓▓▓▓▓▓▓▓░░░░░░░░░░░░░░░░░░] 파일 교체 중...
   → src/Http/Resources/CatalogCandidateCollection.php
  4/11 [▓▓▓▓▓▓▓▓▓▓░░░░░░░░░░░░░░░░░░] 파일 교체 중...
   → src/Http/Resources/SupportAnswerResource.php
  4/11 [▓▓▓▓▓▓▓▓▓▓░░░░░░░░░░░░░░░░░░] 파일 교체 중...
   → src/Http/Resources/CatalogResource.php
  4/11 [▓▓▓▓▓▓▓▓▓▓░░░░░░░░░░░░░░░░░░] 파일 교체 중...
   → src/Http/Resources/AdminCatalogCollection.php
  4/11 [▓▓▓▓▓▓▓▓▓▓░░░░░░░░░░░░░░░░░░] 파일 교체 중...
   → src/Http/Resources/CampaignResource.php
  4/11 [▓▓▓▓▓▓▓▓▓▓░░░░░░░░░░░░░░░░░░] 파일 교체 중...
   → src/Http/Resources/InquiryItemResource.php
  4/11 [▓▓▓▓▓▓▓▓▓▓░░░░░░░░░░░░░░░░░░] 파일 교체 중...
   → src/Http/Controllers/Admin/InquiryController.php
  4/11 [▓▓▓▓▓▓▓▓▓▓░░░░░░░░░░░░░░░░░░] 파일 교체 중...
   → src/Http/Controllers/AdminCatalogController.php
  4/11 [▓▓▓▓▓▓▓▓▓▓░░░░░░░░░░░░░░░░░░] 파일 교체 중...
   → src/Http/Controllers/Api/SupportController.php
  4/11 [▓▓▓▓▓▓▓▓▓▓░░░░░░░░░░░░░░░░░░] 파일 교체 중...
   → src/Http/Controllers/Api/CartController.php
  4/11 [▓▓▓▓▓▓▓▓▓▓░░░░░░░░░░░░░░░░░░] 파일 교체 중...
   → src/Http/Controllers/Api/CampaignController.php
  4/11 [▓▓▓▓▓▓▓▓▓▓░░░░░░░░░░░░░░░░░░] 파일 교체 중...
   → src/Http/Controllers/Api/InquiryController.php
  4/11 [▓▓▓▓▓▓▓▓▓▓░░░░░░░░░░░░░░░░░░] 파일 교체 중...
   → src/Http/Controllers/CatalogController.php
  4/11 [▓▓▓▓▓▓▓▓▓▓░░░░░░░░░░░░░░░░░░] 파일 교체 중...
   → src/Http/Requests/CatalogCandidatesRequest.php
  4/11 [▓▓▓▓▓▓▓▓▓▓░░░░░░░░░░░░░░░░░░] 파일 교체 중...
   → src/Http/Requests/SupportListRequest.php
  4/11 [▓▓▓▓▓▓▓▓▓▓░░░░░░░░░░░░░░░░░░] 파일 교체 중...
   → src/Http/Requests/CatalogRegisterRequest.php
  4/11 [▓▓▓▓▓▓▓▓▓▓░░░░░░░░░░░░░░░░░░] 파일 교체 중...
   → src/Http/Requests/Campaign/CampaignShowRequest.php
  4/11 [▓▓▓▓▓▓▓▓▓▓░░░░░░░░░░░░░░░░░░] 파일 교체 중...
   → src/Http/Requests/Campaign/CampaignListRequest.php
  4/11 [▓▓▓▓▓▓▓▓▓▓░░░░░░░░░░░░░░░░░░] 파일 교체 중...
   → src/Http/Requests/Workflow/UpdateTravelCartRequest.php
  4/11 [▓▓▓▓▓▓▓▓▓▓░░░░░░░░░░░░░░░░░░] 파일 교체 중...
   → src/Http/Requests/Workflow/WorkflowRequest.php
  4/11 [▓▓▓▓▓▓▓▓▓▓░░░░░░░░░░░░░░░░░░] 파일 교체 중...
   → src/Http/Requests/Workflow/SubmitInquiryRequest.php
  4/11 [▓▓▓▓▓▓▓▓▓▓░░░░░░░░░░░░░░░░░░] 파일 교체 중...
   → src/Http/Requests/Workflow/UpdateInquiryRequest.php
  4/11 [▓▓▓▓▓▓▓▓▓▓░░░░░░░░░░░░░░░░░░] 파일 교체 중...
   → src/Http/Requests/Workflow/ListInquiriesRequest.php
  4/11 [▓▓▓▓▓▓▓▓▓▓░░░░░░░░░░░░░░░░░░] 파일 교체 중...
   → src/Http/Requests/Workflow/AddTravelCartRequest.php
  4/11 [▓▓▓▓▓▓▓▓▓▓░░░░░░░░░░░░░░░░░░] 파일 교체 중...
   → src/Http/Requests/CatalogListRequest.php
  4/11 [▓▓▓▓▓▓▓▓▓▓░░░░░░░░░░░░░░░░░░] 파일 교체 중...
   → src/Http/Requests/SupportQuestionUpdateRequest.php
  4/11 [▓▓▓▓▓▓▓▓▓▓░░░░░░░░░░░░░░░░░░] 파일 교체 중...
   → src/Http/Requests/CatalogUpdateRequest.php
  4/11 [▓▓▓▓▓▓▓▓▓▓░░░░░░░░░░░░░░░░░░] 파일 교체 중...
   → src/Http/Requests/DepartureRequest.php
  4/11 [▓▓▓▓▓▓▓▓▓▓░░░░░░░░░░░░░░░░░░] 파일 교체 중...
   → src/Http/Requests/SupportQuestionStoreRequest.php
  4/11 [▓▓▓▓▓▓▓▓▓▓░░░░░░░░░░░░░░░░░░] 파일 교체 중...
   → src/Http/Middleware/TravelOptionalSanctum.php
  4/11 [▓▓▓▓▓▓▓▓▓▓░░░░░░░░░░░░░░░░░░] 파일 교체 중...
   → src/Http/Middleware/TravelCatalogConflictResponse.php
  4/11 [▓▓▓▓▓▓▓▓▓▓░░░░░░░░░░░░░░░░░░] 파일 교체 중...
   → src/Http/Middleware/TravelThrottleRequests.php
  4/11 [▓▓▓▓▓▓▓▓▓▓░░░░░░░░░░░░░░░░░░] 파일 교체 중...
   → src/Support/CampaignSlot.php
  4/11 [▓▓▓▓▓▓▓▓▓▓░░░░░░░░░░░░░░░░░░] 파일 교체 중...
   → src/Support/CampaignRegistry.php
  4/11 [▓▓▓▓▓▓▓▓▓▓░░░░░░░░░░░░░░░░░░] 파일 교체 중...
   → src/Support/TravelDate.php
  4/11 [▓▓▓▓▓▓▓▓▓▓░░░░░░░░░░░░░░░░░░] 파일 교체 중...
   → src/lang/ko/enums.php
  4/11 [▓▓▓▓▓▓▓▓▓▓░░░░░░░░░░░░░░░░░░] 파일 교체 중...
   → src/lang/ko/support.php
  4/11 [▓▓▓▓▓▓▓▓▓▓░░░░░░░░░░░░░░░░░░] 파일 교체 중...
   → src/lang/ko/campaigns.php
  4/11 [▓▓▓▓▓▓▓▓▓▓░░░░░░░░░░░░░░░░░░] 파일 교체 중...
   → src/lang/ko/workflow.php
  4/11 [▓▓▓▓▓▓▓▓▓▓░░░░░░░░░░░░░░░░░░] 파일 교체 중...
   → src/lang/ko/messages.php
  4/11 [▓▓▓▓▓▓▓▓▓▓░░░░░░░░░░░░░░░░░░] 파일 교체 중...
   → src/lang/en/enums.php
  4/11 [▓▓▓▓▓▓▓▓▓▓░░░░░░░░░░░░░░░░░░] 파일 교체 중...
   → src/lang/en/support.php
  4/11 [▓▓▓▓▓▓▓▓▓▓░░░░░░░░░░░░░░░░░░] 파일 교체 중...
   → src/lang/en/campaigns.php
  4/11 [▓▓▓▓▓▓▓▓▓▓░░░░░░░░░░░░░░░░░░] 파일 교체 중...
   → src/lang/en/workflow.php
  4/11 [▓▓▓▓▓▓▓▓▓▓░░░░░░░░░░░░░░░░░░] 파일 교체 중...
   → src/lang/en/messages.php
  4/11 [▓▓▓▓▓▓▓▓▓▓░░░░░░░░░░░░░░░░░░] 파일 교체 중...
   → src/Repositories/WorkflowCartRepository.php
  4/11 [▓▓▓▓▓▓▓▓▓▓░░░░░░░░░░░░░░░░░░] 파일 교체 중...
   → src/Repositories/WorkflowInquiryRepository.php
  4/11 [▓▓▓▓▓▓▓▓▓▓░░░░░░░░░░░░░░░░░░] 파일 교체 중...
   → src/Repositories/CampaignPageRepository.php
  4/11 [▓▓▓▓▓▓▓▓▓▓░░░░░░░░░░░░░░░░░░] 파일 교체 중...
   → src/Repositories/Contracts/CampaignPageRepositoryInterface.php
  4/11 [▓▓▓▓▓▓▓▓▓▓░░░░░░░░░░░░░░░░░░] 파일 교체 중...
   → src/Repositories/Contracts/TravelSupportPostRepositoryInterface.php
  4/11 [▓▓▓▓▓▓▓▓▓▓░░░░░░░░░░░░░░░░░░] 파일 교체 중...
   → src/Repositories/Contracts/CatalogRepositoryInterface.php
  4/11 [▓▓▓▓▓▓▓▓▓▓░░░░░░░░░░░░░░░░░░] 파일 교체 중...
   → src/Repositories/Contracts/WorkflowCartRepositoryInterface.php
  4/11 [▓▓▓▓▓▓▓▓▓▓░░░░░░░░░░░░░░░░░░] 파일 교체 중...
   → src/Repositories/Contracts/WorkflowInquiryRepositoryInterface.php
  4/11 [▓▓▓▓▓▓▓▓▓▓░░░░░░░░░░░░░░░░░░] 파일 교체 중...
   → src/Repositories/TravelSupportPostRepository.php
  4/11 [▓▓▓▓▓▓▓▓▓▓░░░░░░░░░░░░░░░░░░] 파일 교체 중...
   → src/Repositories/CatalogRepository.php
  4/11 [▓▓▓▓▓▓▓▓▓▓░░░░░░░░░░░░░░░░░░] 파일 교체 중...
   → src/Models/Departure.php
  4/11 [▓▓▓▓▓▓▓▓▓▓░░░░░░░░░░░░░░░░░░] 파일 교체 중...
   → src/Models/InquiryItem.php
  4/11 [▓▓▓▓▓▓▓▓▓▓░░░░░░░░░░░░░░░░░░] 파일 교체 중...
   → src/Models/Inquiry.php
  4/11 [▓▓▓▓▓▓▓▓▓▓░░░░░░░░░░░░░░░░░░] 파일 교체 중...
   → src/Models/TravelProduct.php
  4/11 [▓▓▓▓▓▓▓▓▓▓░░░░░░░░░░░░░░░░░░] 파일 교체 중...
   → src/Models/InquiryEvent.php
  4/11 [▓▓▓▓▓▓▓▓▓▓░░░░░░░░░░░░░░░░░░] 파일 교체 중...
   → src/Services/CatalogService.php
  4/11 [▓▓▓▓▓▓▓▓▓▓░░░░░░░░░░░░░░░░░░] 파일 교체 중...
   → src/Services/CampaignService.php
  4/11 [▓▓▓▓▓▓▓▓▓▓░░░░░░░░░░░░░░░░░░] 파일 교체 중...
   → src/Services/TravelCampaignSeedContent.php
  4/11 [▓▓▓▓▓▓▓▓▓▓░░░░░░░░░░░░░░░░░░] 파일 교체 중...
   → src/Services/TravelCampaignProvisioner.php
  4/11 [▓▓▓▓▓▓▓▓▓▓░░░░░░░░░░░░░░░░░░] 파일 교체 중...
   → src/Services/TravelCartService.php
  4/11 [▓▓▓▓▓▓▓▓▓▓░░░░░░░░░░░░░░░░░░] 파일 교체 중...
   → src/Services/TravelSupportSeedContent.php
  4/11 [▓▓▓▓▓▓▓▓▓▓░░░░░░░░░░░░░░░░░░] 파일 교체 중...
   → src/Services/TravelSupportProvisioner.php
  4/11 [▓▓▓▓▓▓▓▓▓▓░░░░░░░░░░░░░░░░░░] 파일 교체 중...
   → src/Services/InquiryService.php
  4/11 [▓▓▓▓▓▓▓▓▓▓░░░░░░░░░░░░░░░░░░] 파일 교체 중...
   → src/Services/TravelSupportService.php
  4/11 [▓▓▓▓▓▓▓▓▓▓░░░░░░░░░░░░░░░░░░] 파일 교체 중...
   → src/Enums/CatalogSort.php
  4/11 [▓▓▓▓▓▓▓▓▓▓░░░░░░░░░░░░░░░░░░] 파일 교체 중...
   → src/Enums/Region.php
  4/11 [▓▓▓▓▓▓▓▓▓▓░░░░░░░░░░░░░░░░░░] 파일 교체 중...
   → src/Enums/Theme.php
  4/11 [▓▓▓▓▓▓▓▓▓▓░░░░░░░░░░░░░░░░░░] 파일 교체 중...
   → src/Enums/InquiryStatus.php
  4/11 [▓▓▓▓▓▓▓▓▓▓░░░░░░░░░░░░░░░░░░] 파일 교체 중...
   → src/Enums/TravelSupportChannel.php
  4/11 [▓▓▓▓▓▓▓▓▓▓░░░░░░░░░░░░░░░░░░] 파일 교체 중...
   → src/routes/support.php
  4/11 [▓▓▓▓▓▓▓▓▓▓░░░░░░░░░░░░░░░░░░] 파일 교체 중...
   → src/routes/campaigns.php
  4/11 [▓▓▓▓▓▓▓▓▓▓░░░░░░░░░░░░░░░░░░] 파일 교체 중...
   → src/routes/catalog.php
  4/11 [▓▓▓▓▓▓▓▓▓▓░░░░░░░░░░░░░░░░░░] 파일 교체 중...
   → src/routes/workflow.php
  4/11 [▓▓▓▓▓▓▓▓▓▓░░░░░░░░░░░░░░░░░░] 파일 교체 중...
   → src/routes/api.php
  4/11 [▓▓▓▓▓▓▓▓▓▓░░░░░░░░░░░░░░░░░░] 파일 교체 중...
   → src/Exceptions/CatalogConflictException.php
  4/11 [▓▓▓▓▓▓▓▓▓▓░░░░░░░░░░░░░░░░░░] 파일 교체 중...
   → src/Exceptions/TravelCampaignException.php
  4/11 [▓▓▓▓▓▓▓▓▓▓░░░░░░░░░░░░░░░░░░] 파일 교체 중...
   → src/Exceptions/TravelSupportException.php
  4/11 [▓▓▓▓▓▓▓▓▓▓░░░░░░░░░░░░░░░░░░] 파일 교체 중...
   → src/Providers/TravelLabServiceProvider.php
  4/11 [▓▓▓▓▓▓▓▓▓▓░░░░░░░░░░░░░░░░░░] 파일 교체 중...
   → src/Console/Commands/ProvisionTravelCampaignsCommand.php
  4/11 [▓▓▓▓▓▓▓▓▓▓░░░░░░░░░░░░░░░░░░] 파일 교체 중...
   → src/Console/Commands/ProvisionTravelSupportCommand.php
  4/11 [▓▓▓▓▓▓▓▓▓▓░░░░░░░░░░░░░░░░░░] 파일 교체 중...
   → src/Listeners/ExcludeTravelSupportQuestionsFromSearch.php
  4/11 [▓▓▓▓▓▓▓▓▓▓░░░░░░░░░░░░░░░░░░] 파일 교체 중...
   → src/Listeners/SuppressTravelSupportNotifications.php
  4/11 [▓▓▓▓▓▓▓▓▓▓░░░░░░░░░░░░░░░░░░] 파일 교체 중...
   → src/Listeners/BlockTravelCommerceCheckout.php
  4/11 [▓▓▓▓▓▓▓▓▓▓░░░░░░░░░░░░░░░░░░] 파일 교체 중...
   → src/Listeners/InvalidateTravelCampaignSeoCache.php
  4/11 [▓▓▓▓▓▓▓▓▓▓░░░░░░░░░░░░░░░░░░] 파일 교체 중...
   → src/Listeners/ProtectTravelCommerceCatalog.php
  4/11 [▓▓▓▓▓▓▓▓▓▓░░░░░░░░░░░░░░░░░░] 파일 교체 중...
   → AGENTS.md
  4/11 [▓▓▓▓▓▓▓▓▓▓░░░░░░░░░░░░░░░░░░] 파일 교체 중...
   → vitest.config.ts
  4/11 [▓▓▓▓▓▓▓▓▓▓░░░░░░░░░░░░░░░░░░] 파일 교체 중...
   → resources/routes.json
  4/11 [▓▓▓▓▓▓▓▓▓▓░░░░░░░░░░░░░░░░░░] 파일 교체 중...
   → resources/js/__tests__/layouts/admin-travel-lab-campaigns.test.tsx
  4/11 [▓▓▓▓▓▓▓▓▓▓░░░░░░░░░░░░░░░░░░] 파일 교체 중...
   → resources/js/__tests__/layouts/admin-travel-lab-layouts.test.tsx
  4/11 [▓▓▓▓▓▓▓▓▓▓░░░░░░░░░░░░░░░░░░] 파일 교체 중...
   → resources/lang/en.json
  4/11 [▓▓▓▓▓▓▓▓▓▓░░░░░░░░░░░░░░░░░░] 파일 교체 중...
   → resources/lang/partial/ko/admin.json
  4/11 [▓▓▓▓▓▓▓▓▓▓░░░░░░░░░░░░░░░░░░] 파일 교체 중...
   → resources/lang/partial/en/admin.json
  4/11 [▓▓▓▓▓▓▓▓▓▓░░░░░░░░░░░░░░░░░░] 파일 교체 중...
   → resources/lang/ko.json
  4/11 [▓▓▓▓▓▓▓▓▓▓░░░░░░░░░░░░░░░░░░] 파일 교체 중...
   → resources/layouts/admin/admin_travel_lab_inquiry_detail.json
  4/11 [▓▓▓▓▓▓▓▓▓▓░░░░░░░░░░░░░░░░░░] 파일 교체 중...
   → resources/layouts/admin/admin_travel_lab_catalog.json
  4/11 [▓▓▓▓▓▓▓▓▓▓░░░░░░░░░░░░░░░░░░] 파일 교체 중...
   → resources/layouts/admin/admin_travel_lab_support.json
  4/11 [▓▓▓▓▓▓▓▓▓▓░░░░░░░░░░░░░░░░░░] 파일 교체 중...
   → resources/layouts/admin/admin_travel_lab_campaigns.json
  4/11 [▓▓▓▓▓▓▓▓▓▓░░░░░░░░░░░░░░░░░░] 파일 교체 중...
   → resources/layouts/admin/admin_travel_lab_inquiry_list.json
  4/11 [▓▓▓▓▓▓▓▓▓▓░░░░░░░░░░░░░░░░░░] 파일 교체 중...
   → tests/ModuleTestCase.php
  4/11 [▓▓▓▓▓▓▓▓▓▓░░░░░░░░░░░░░░░░░░] 파일 교체 중...
   → tests/generate-campaign-docs.php
  4/11 [▓▓▓▓▓▓▓▓▓▓░░░░░░░░░░░░░░░░░░] 파일 교체 중...
   → tests/evidence/domain-test-evidence.json
  4/11 [▓▓▓▓▓▓▓▓▓▓░░░░░░░░░░░░░░░░░░] 파일 교체 중...
   → tests/evidence/domain-phpunit.txt
  4/11 [▓▓▓▓▓▓▓▓▓▓░░░░░░░░░░░░░░░░░░] 파일 교체 중...
   → tests/evidence/w03-recheck/live_recheck_probe.py
  4/11 [▓▓▓▓▓▓▓▓▓▓░░░░░░░░░░░░░░░░░░] 파일 교체 중...
   → tests/evidence/w03-recheck/live-recheck-probe.json
  4/11 [▓▓▓▓▓▓▓▓▓▓░░░░░░░░░░░░░░░░░░] 파일 교체 중...
   → tests/evidence/w03-recheck/row_lock_barrier.php
  4/11 [▓▓▓▓▓▓▓▓▓▓░░░░░░░░░░░░░░░░░░] 파일 교체 중...
   → tests/evidence/w03-recheck/.gitignore
  4/11 [▓▓▓▓▓▓▓▓▓▓░░░░░░░░░░░░░░░░░░] 파일 교체 중...
   → tests/evidence/w03/live_security_probe.py
  4/11 [▓▓▓▓▓▓▓▓▓▓░░░░░░░░░░░░░░░░░░] 파일 교체 중...
   → tests/evidence/w03/live-security-probe.json
  4/11 [▓▓▓▓▓▓▓▓▓▓░░░░░░░░░░░░░░░░░░] 파일 교체 중...
   → tests/evidence/w03/commerce-guard-repair.json
  4/11 [▓▓▓▓▓▓▓▓▓▓░░░░░░░░░░░░░░░░░░] 파일 교체 중...
   → tests/evidence/api-doc-generation.json
  4/11 [▓▓▓▓▓▓▓▓▓▓░░░░░░░░░░░░░░░░░░] 파일 교체 중...
   → tests/CampaignTestCase.php
  4/11 [▓▓▓▓▓▓▓▓▓▓░░░░░░░░░░░░░░░░░░] 파일 교체 중...
   → tests/CAMPAIGN_EVIDENCE.md
  4/11 [▓▓▓▓▓▓▓▓▓▓░░░░░░░░░░░░░░░░░░] 파일 교체 중...
   → tests/Feature/CatalogValidationTest.php
  4/11 [▓▓▓▓▓▓▓▓▓▓░░░░░░░░░░░░░░░░░░] 파일 교체 중...
   → tests/Feature/W03SecurityReviewTest.php
  4/11 [▓▓▓▓▓▓▓▓▓▓░░░░░░░░░░░░░░░░░░] 파일 교체 중...
   → tests/Feature/DepartureManagementTest.php
  4/11 [▓▓▓▓▓▓▓▓▓▓░░░░░░░░░░░░░░░░░░] 파일 교체 중...
   → tests/Feature/W03CatalogRepairTest.php
  4/11 [▓▓▓▓▓▓▓▓▓▓░░░░░░░░░░░░░░░░░░] 파일 교체 중...
   → tests/Feature/TravelSupportAdminLayoutRulesTest.php
  4/11 [▓▓▓▓▓▓▓▓▓▓░░░░░░░░░░░░░░░░░░] 파일 교체 중...
   → tests/Feature/InquiryIdempotencyGapRegressionTest.php
  4/11 [▓▓▓▓▓▓▓▓▓▓░░░░░░░░░░░░░░░░░░] 파일 교체 중...
   → tests/Feature/Campaign/CampaignSeoInvalidationTest.php
  4/11 [▓▓▓▓▓▓▓▓▓▓░░░░░░░░░░░░░░░░░░] 파일 교체 중...
   → tests/Feature/Campaign/CampaignAdminNativeContractTest.php
  4/11 [▓▓▓▓▓▓▓▓▓▓░░░░░░░░░░░░░░░░░░] 파일 교체 중...
   → tests/Feature/Campaign/CampaignRegistryTest.php
  4/11 [▓▓▓▓▓▓▓▓▓▓░░░░░░░░░░░░░░░░░░] 파일 교체 중...
   → tests/Feature/Campaign/CampaignProvisionCommandTest.php
  4/11 [▓▓▓▓▓▓▓▓▓▓░░░░░░░░░░░░░░░░░░] 파일 교체 중...
   → tests/Feature/Campaign/CampaignApiTest.php
  4/11 [▓▓▓▓▓▓▓▓▓▓░░░░░░░░░░░░░░░░░░] 파일 교체 중...
   → tests/Feature/W03SecurityRecheckTest.php
  4/11 [▓▓▓▓▓▓▓▓▓▓░░░░░░░░░░░░░░░░░░] 파일 교체 중...
   → tests/Feature/TravelSupportNotificationTest.php
  4/11 [▓▓▓▓▓▓▓▓▓▓░░░░░░░░░░░░░░░░░░] 파일 교체 중...
   → tests/Feature/TravelWorkflowTest.php
  4/11 [▓▓▓▓▓▓▓▓▓▓░░░░░░░░░░░░░░░░░░] 파일 교체 중...
   → tests/Feature/TravelSupportProvisionerTest.php
  4/11 [▓▓▓▓▓▓▓▓▓▓░░░░░░░░░░░░░░░░░░] 파일 교체 중...
   → tests/Feature/CatalogDomainTest.php
  4/11 [▓▓▓▓▓▓▓▓▓▓░░░░░░░░░░░░░░░░░░] 파일 교체 중...
   → tests/Feature/TravelCheckoutGuardTest.php
  4/11 [▓▓▓▓▓▓▓▓▓▓░░░░░░░░░░░░░░░░░░] 파일 교체 중...
   → tests/Feature/W03SupportHardeningTest.php
  4/11 [▓▓▓▓▓▓▓▓▓▓░░░░░░░░░░░░░░░░░░] 파일 교체 중...
   → tests/Feature/TravelSupportApiTest.php
  4/11 [▓▓▓▓▓▓▓▓▓▓░░░░░░░░░░░░░░░░░░] 파일 교체 중...
   → tests/Feature/CatalogApiTest.php
  4/11 [▓▓▓▓▓▓▓▓▓▓░░░░░░░░░░░░░░░░░░] 파일 교체 중...
   → tests/Feature/TravelWorkflowRegressionTest.php
  4/11 [▓▓▓▓▓▓▓▓▓▓░░░░░░░░░░░░░░░░░░] 파일 교체 중...
   → tests/Feature/SchemaAndSeederTest.php
  4/11 [▓▓▓▓▓▓▓▓▓▓░░░░░░░░░░░░░░░░░░] 파일 교체 중...
   → tests/bootstrap.php
  4/11 [▓▓▓▓▓▓▓▓▓▓░░░░░░░░░░░░░░░░░░] 파일 교체 중...
   → tests/generate-domain-docs.php
  4/11 [▓▓▓▓▓▓▓▓▓▓░░░░░░░░░░░░░░░░░░] 파일 교체 중...
   → tests/SupportTestCase.php
  4/11 [▓▓▓▓▓▓▓▓▓▓░░░░░░░░░░░░░░░░░░] 파일 교체 중...
   → tests/UsesDatabaseThrottleCache.php
  4/11 [▓▓▓▓▓▓▓▓▓▓░░░░░░░░░░░░░░░░░░] 파일 교체 중...
   → tests/scenarios/workflow.yaml
  4/11 [▓▓▓▓▓▓▓▓▓▓░░░░░░░░░░░░░░░░░░] 파일 교체 중...
   → tests/scenarios/travel-support.yaml
  4/11 [▓▓▓▓▓▓▓▓▓▓░░░░░░░░░░░░░░░░░░] 파일 교체 중...
   → tests/scenarios/campaigns.yaml
  4/11 [▓▓▓▓▓▓▓▓▓▓░░░░░░░░░░░░░░░░░░] 파일 교체 중...
   → tests/scenarios/catalog_domain.yaml
  4/11 [▓▓▓▓▓▓▓▓▓▓░░░░░░░░░░░░░░░░░░] 파일 교체 중...
   → tests/WORKFLOW_EVIDENCE.md
  4/11 [▓▓▓▓▓▓▓▓▓▓░░░░░░░░░░░░░░░░░░] 파일 교체 중...
   → tests/WorkflowTestCase.php
  4/11 [▓▓▓▓▓▓▓▓▓▓░░░░░░░░░░░░░░░░░░] 파일 교체 중...
   → tests/README.md
  4/11 [▓▓▓▓▓▓▓▓▓▓░░░░░░░░░░░░░░░░░░] 파일 교체 중...
   → tests/phpunit.xml
  4/11 [▓▓▓▓▓▓▓▓▓▓░░░░░░░░░░░░░░░░░░] 파일 교체 중...
   → composer.json
  7/11 [▓▓▓▓▓▓▓▓▓▓▓▓▓▓▓▓▓░░░░░░░░░░░] 오토로드 갱신 중...
   
  8/11 [▓▓▓▓▓▓▓▓▓▓▓▓▓▓▓▓▓▓▓▓░░░░░░░░] DB 갱신 중...
   
  9/11 [▓▓▓▓▓▓▓▓▓▓▓▓▓▓▓▓▓▓▓▓▓▓░░░░░░] 업그레이드 스텝 실행 중...
   
 11/11 [▓▓▓▓▓▓▓▓▓▓▓▓▓▓▓▓▓▓▓▓▓▓▓▓▓▓▓▓] 레이아웃 갱신 중...
   
 12/12 [▓▓▓▓▓▓▓▓▓▓▓▓▓▓▓▓▓▓▓▓▓▓▓▓▓▓▓▓] 정리 중...
   

✅ 모듈 "raonslab-travel_lab" 업데이트 완료
   v0.1.2 → v0.1.3
