현재 버전: 0.1.2
최신 버전: 0.1.3
업데이트 소스: bundled
레이아웃 전략: overwrite

 0/8 [░░░░░░░░░░░░░░░░░░░░░░░░░░░░] 시작 중...
   
 1/8 [▓▓▓░░░░░░░░░░░░░░░░░░░░░░░░░] 백업 생성 중...
   → docs/architecture.md
 1/8 [▓▓▓░░░░░░░░░░░░░░░░░░░░░░░░░] 백업 생성 중...
   → docs/components.md
 1/8 [▓▓▓░░░░░░░░░░░░░░░░░░░░░░░░░] 백업 생성 중...
   → docs/editor-spec.md
 1/8 [▓▓▓░░░░░░░░░░░░░░░░░░░░░░░░░] 백업 생성 중...
   → docs/handlers.md
 1/8 [▓▓▓░░░░░░░░░░░░░░░░░░░░░░░░░] 백업 생성 중...
   → docs/README.md
 1/8 [▓▓▓░░░░░░░░░░░░░░░░░░░░░░░░░] 백업 생성 중...
   → docs/layouts.md
 1/8 [▓▓▓░░░░░░░░░░░░░░░░░░░░░░░░░] 백업 생성 중...
   → routes.json
 1/8 [▓▓▓░░░░░░░░░░░░░░░░░░░░░░░░░] 백업 생성 중...
   → scripts/verify-inquiry-recovery.mjs
 1/8 [▓▓▓░░░░░░░░░░░░░░░░░░░░░░░░░] 백업 생성 중...
   → scripts/vendor-inline-css.mjs
 1/8 [▓▓▓░░░░░░░░░░░░░░░░░░░░░░░░░] 백업 생성 중...
   → scripts/triage-ui-boundaries.mjs
 1/8 [▓▓▓░░░░░░░░░░░░░░░░░░░░░░░░░] 백업 생성 중...
   → lang/en.json
 1/8 [▓▓▓░░░░░░░░░░░░░░░░░░░░░░░░░] 백업 생성 중...
   → lang/ko.json
 1/8 [▓▓▓░░░░░░░░░░░░░░░░░░░░░░░░░] 백업 생성 중...
   → LICENSE
 1/8 [▓▓▓░░░░░░░░░░░░░░░░░░░░░░░░░] 백업 생성 중...
   → tsconfig.json
 1/8 [▓▓▓░░░░░░░░░░░░░░░░░░░░░░░░░] 백업 생성 중...
   → layouts/_user_base.json
 1/8 [▓▓▓░░░░░░░░░░░░░░░░░░░░░░░░░] 백업 생성 중...
   → layouts/errors/maintenance.json
 1/8 [▓▓▓░░░░░░░░░░░░░░░░░░░░░░░░░] 백업 생성 중...
   → layouts/errors/401.json
 1/8 [▓▓▓░░░░░░░░░░░░░░░░░░░░░░░░░] 백업 생성 중...
   → layouts/errors/503.json
 1/8 [▓▓▓░░░░░░░░░░░░░░░░░░░░░░░░░] 백업 생성 중...
   → layouts/errors/404.json
 1/8 [▓▓▓░░░░░░░░░░░░░░░░░░░░░░░░░] 백업 생성 중...
   → layouts/errors/500.json
 1/8 [▓▓▓░░░░░░░░░░░░░░░░░░░░░░░░░] 백업 생성 중...
   → layouts/errors/403.json
 1/8 [▓▓▓░░░░░░░░░░░░░░░░░░░░░░░░░] 백업 생성 중...
   → layouts/partials/travel/_modal_cart_remove.json
 1/8 [▓▓▓░░░░░░░░░░░░░░░░░░░░░░░░░] 백업 생성 중...
   → layouts/partials/travel/_modal_request_cancel.json
 1/8 [▓▓▓░░░░░░░░░░░░░░░░░░░░░░░░░] 백업 생성 중...
   → layouts/travel/home.json
 1/8 [▓▓▓░░░░░░░░░░░░░░░░░░░░░░░░░] 백업 생성 중...
   → layouts/travel/request_detail.json
 1/8 [▓▓▓░░░░░░░░░░░░░░░░░░░░░░░░░] 백업 생성 중...
   → layouts/travel/search.json
 1/8 [▓▓▓░░░░░░░░░░░░░░░░░░░░░░░░░] 백업 생성 중...
   → layouts/travel/cart.json
 1/8 [▓▓▓░░░░░░░░░░░░░░░░░░░░░░░░░] 백업 생성 중...
   → layouts/travel/requests.json
 1/8 [▓▓▓░░░░░░░░░░░░░░░░░░░░░░░░░] 백업 생성 중...
   → layouts/travel/help.json
 1/8 [▓▓▓░░░░░░░░░░░░░░░░░░░░░░░░░] 백업 생성 중...
   → layouts/travel/product.json
 1/8 [▓▓▓░░░░░░░░░░░░░░░░░░░░░░░░░] 백업 생성 중...
   → layouts/auth/login.json
 1/8 [▓▓▓░░░░░░░░░░░░░░░░░░░░░░░░░] 백업 생성 중...
   → README.md
 1/8 [▓▓▓░░░░░░░░░░░░░░░░░░░░░░░░░] 백업 생성 중...
   → CHANGELOG.md
 1/8 [▓▓▓░░░░░░░░░░░░░░░░░░░░░░░░░] 백업 생성 중...
   → src/styles/main.css
 1/8 [▓▓▓░░░░░░░░░░░░░░░░░░░░░░░░░] 백업 생성 중...
   → src/handlers/inquiryKey.ts
 1/8 [▓▓▓░░░░░░░░░░░░░░░░░░░░░░░░░] 백업 생성 중...
   → src/handlers/index.ts
 1/8 [▓▓▓░░░░░░░░░░░░░░░░░░░░░░░░░] 백업 생성 중...
   → src/types/index.ts
 1/8 [▓▓▓░░░░░░░░░░░░░░░░░░░░░░░░░] 백업 생성 중...
   → src/index.ts
 1/8 [▓▓▓░░░░░░░░░░░░░░░░░░░░░░░░░] 백업 생성 중...
   → src/components/basic/H4.tsx
 1/8 [▓▓▓░░░░░░░░░░░░░░░░░░░░░░░░░] 백업 생성 중...
   → src/components/basic/Label.tsx
 1/8 [▓▓▓░░░░░░░░░░░░░░░░░░░░░░░░░] 백업 생성 중...
   → src/components/basic/Ul.tsx
 1/8 [▓▓▓░░░░░░░░░░░░░░░░░░░░░░░░░] 백업 생성 중...
   → src/components/basic/Li.tsx
 1/8 [▓▓▓░░░░░░░░░░░░░░░░░░░░░░░░░] 백업 생성 중...
   → src/components/basic/Textarea.tsx
 1/8 [▓▓▓░░░░░░░░░░░░░░░░░░░░░░░░░] 백업 생성 중...
   → src/components/basic/Hr.tsx
 1/8 [▓▓▓░░░░░░░░░░░░░░░░░░░░░░░░░] 백업 생성 중...
   → src/components/basic/Form.tsx
 1/8 [▓▓▓░░░░░░░░░░░░░░░░░░░░░░░░░] 백업 생성 중...
   → src/components/basic/H1.tsx
 1/8 [▓▓▓░░░░░░░░░░░░░░░░░░░░░░░░░] 백업 생성 중...
   → src/components/basic/A.tsx
 1/8 [▓▓▓░░░░░░░░░░░░░░░░░░░░░░░░░] 백업 생성 중...
   → src/components/basic/Svg.tsx
 1/8 [▓▓▓░░░░░░░░░░░░░░░░░░░░░░░░░] 백업 생성 중...
   → src/components/basic/Span.tsx
 1/8 [▓▓▓░░░░░░░░░░░░░░░░░░░░░░░░░] 백업 생성 중...
   → src/components/basic/Button.tsx
 1/8 [▓▓▓░░░░░░░░░░░░░░░░░░░░░░░░░] 백업 생성 중...
   → src/components/basic/IconTypes.ts
 1/8 [▓▓▓░░░░░░░░░░░░░░░░░░░░░░░░░] 백업 생성 중...
   → src/components/basic/Icon.tsx
 1/8 [▓▓▓░░░░░░░░░░░░░░░░░░░░░░░░░] 백업 생성 중...
   → src/components/basic/H2.tsx
 1/8 [▓▓▓░░░░░░░░░░░░░░░░░░░░░░░░░] 백업 생성 중...
   → src/components/basic/Nav.tsx
 1/8 [▓▓▓░░░░░░░░░░░░░░░░░░░░░░░░░] 백업 생성 중...
   → src/components/basic/P.tsx
 1/8 [▓▓▓░░░░░░░░░░░░░░░░░░░░░░░░░] 백업 생성 중...
   → src/components/basic/Img.tsx
 1/8 [▓▓▓░░░░░░░░░░░░░░░░░░░░░░░░░] 백업 생성 중...
   → src/components/basic/Section.tsx
 1/8 [▓▓▓░░░░░░░░░░░░░░░░░░░░░░░░░] 백업 생성 중...
   → src/components/basic/Input.tsx
 1/8 [▓▓▓░░░░░░░░░░░░░░░░░░░░░░░░░] 백업 생성 중...
   → src/components/basic/H3.tsx
 1/8 [▓▓▓░░░░░░░░░░░░░░░░░░░░░░░░░] 백업 생성 중...
   → src/components/basic/Option.tsx
 1/8 [▓▓▓░░░░░░░░░░░░░░░░░░░░░░░░░] 백업 생성 중...
   → src/components/basic/Select.tsx
 1/8 [▓▓▓░░░░░░░░░░░░░░░░░░░░░░░░░] 백업 생성 중...
   → src/components/basic/Div.tsx
 1/8 [▓▓▓░░░░░░░░░░░░░░░░░░░░░░░░░] 백업 생성 중...
   → src/components/composite/PriceTag.tsx
 1/8 [▓▓▓░░░░░░░░░░░░░░░░░░░░░░░░░] 백업 생성 중...
   → src/components/composite/Toast.tsx
 1/8 [▓▓▓░░░░░░░░░░░░░░░░░░░░░░░░░] 백업 생성 중...
   → src/components/composite/Pagination.tsx
 1/8 [▓▓▓░░░░░░░░░░░░░░░░░░░░░░░░░] 백업 생성 중...
   → src/components/composite/Modal.tsx
 1/8 [▓▓▓░░░░░░░░░░░░░░░░░░░░░░░░░] 백업 생성 중...
   → src/components/composite/StatusBadge.tsx
 1/8 [▓▓▓░░░░░░░░░░░░░░░░░░░░░░░░░] 백업 생성 중...
   → src/components/composite/ScenicArt.tsx
 1/8 [▓▓▓░░░░░░░░░░░░░░░░░░░░░░░░░] 백업 생성 중...
   → AGENTS.md
 1/8 [▓▓▓░░░░░░░░░░░░░░░░░░░░░░░░░] 백업 생성 중...
   → vite.config.ts
 1/8 [▓▓▓░░░░░░░░░░░░░░░░░░░░░░░░░] 백업 생성 중...
   → vitest.config.ts
 1/8 [▓▓▓░░░░░░░░░░░░░░░░░░░░░░░░░] 백업 생성 중...
   → components.json
 1/8 [▓▓▓░░░░░░░░░░░░░░░░░░░░░░░░░] 백업 생성 중...
   → tests/scenarios/travel-customer-flow.yaml
 1/8 [▓▓▓░░░░░░░░░░░░░░░░░░░░░░░░░] 백업 생성 중...
   → __tests__/evidence/mobile-request-native-owner-after-pointer-1440.png
 1/8 [▓▓▓░░░░░░░░░░░░░░░░░░░░░░░░░] 백업 생성 중...
   → __tests__/evidence/mobile-request-candidate-1440.png
 1/8 [▓▓▓░░░░░░░░░░░░░░░░░░░░░░░░░] 백업 생성 중...
   → __tests__/evidence/mobile-request-native-owner-after-390.png
 1/8 [▓▓▓░░░░░░░░░░░░░░░░░░░░░░░░░] 백업 생성 중...
   → __tests__/evidence/mobile-request-native-owner-after.json
 1/8 [▓▓▓░░░░░░░░░░░░░░░░░░░░░░░░░] 백업 생성 중...
   → __tests__/evidence/mobile-request-repair-manifest.json
 1/8 [▓▓▓░░░░░░░░░░░░░░░░░░░░░░░░░] 백업 생성 중...
   → __tests__/evidence/mobile-request-native-owner-before-1440.png
 1/8 [▓▓▓░░░░░░░░░░░░░░░░░░░░░░░░░] 백업 생성 중...
   → __tests__/evidence/mobile-request-native-owner-after-pointer-390.png
 1/8 [▓▓▓░░░░░░░░░░░░░░░░░░░░░░░░░] 백업 생성 중...
   → __tests__/evidence/mobile-request-native-before-390.png
 1/8 [▓▓▓░░░░░░░░░░░░░░░░░░░░░░░░░] 백업 생성 중...
   → __tests__/evidence/mobile-request-candidate.json
 1/8 [▓▓▓░░░░░░░░░░░░░░░░░░░░░░░░░] 백업 생성 중...
   → __tests__/evidence/mobile-request-native-owner-after-date-390.png
 1/8 [▓▓▓░░░░░░░░░░░░░░░░░░░░░░░░░] 백업 생성 중...
   → __tests__/evidence/mobile-request-native-owner-after-date-1440.png
 1/8 [▓▓▓░░░░░░░░░░░░░░░░░░░░░░░░░] 백업 생성 중...
   → __tests__/evidence/mobile-request-before.json
 1/8 [▓▓▓░░░░░░░░░░░░░░░░░░░░░░░░░] 백업 생성 중...
   → __tests__/evidence/mobile-request-native-owner-after-date.json
 1/8 [▓▓▓░░░░░░░░░░░░░░░░░░░░░░░░░] 백업 생성 중...
   → __tests__/evidence/mobile-request-before-390.png
 1/8 [▓▓▓░░░░░░░░░░░░░░░░░░░░░░░░░] 백업 생성 중...
   → __tests__/evidence/mobile-request-native-before.json
 1/8 [▓▓▓░░░░░░░░░░░░░░░░░░░░░░░░░] 백업 생성 중...
   → __tests__/evidence/mobile-request-native-owner-before.json
 1/8 [▓▓▓░░░░░░░░░░░░░░░░░░░░░░░░░] 백업 생성 중...
   → __tests__/evidence/mobile-request-native-before-multiple.json
 1/8 [▓▓▓░░░░░░░░░░░░░░░░░░░░░░░░░] 백업 생성 중...
   → __tests__/evidence/mobile-request-native-owner-after-1440.png
 1/8 [▓▓▓░░░░░░░░░░░░░░░░░░░░░░░░░] 백업 생성 중...
   → __tests__/evidence/mobile-request-native-owner-before-390.png
 1/8 [▓▓▓░░░░░░░░░░░░░░░░░░░░░░░░░] 백업 생성 중...
   → __tests__/evidence/mobile-request-candidate-390.png
 1/8 [▓▓▓░░░░░░░░░░░░░░░░░░░░░░░░░] 백업 생성 중...
   → __tests__/evidence/mobile-request-native-before-multiple-390.png
 1/8 [▓▓▓░░░░░░░░░░░░░░░░░░░░░░░░░] 백업 생성 중...
   → __tests__/evidence/mobile-request-before-1440.png
 1/8 [▓▓▓░░░░░░░░░░░░░░░░░░░░░░░░░] 백업 생성 중...
   → __tests__/evidence/mobile-request-native-before-multiple-1440.png
 1/8 [▓▓▓░░░░░░░░░░░░░░░░░░░░░░░░░] 백업 생성 중...
   → __tests__/evidence/w03-ui-repair.json
 1/8 [▓▓▓░░░░░░░░░░░░░░░░░░░░░░░░░] 백업 생성 중...
   → __tests__/evidence/mobile-request-native-owner-after-pointer.json
 1/8 [▓▓▓░░░░░░░░░░░░░░░░░░░░░░░░░] 백업 생성 중...
   → __tests__/evidence/w03-ui-boundary-repair.json
 1/8 [▓▓▓░░░░░░░░░░░░░░░░░░░░░░░░░] 백업 생성 중...
   → __tests__/evidence/mobile-request-native-before-1440.png
 1/8 [▓▓▓░░░░░░░░░░░░░░░░░░░░░░░░░] 백업 생성 중...
   → __tests__/fixtures/installed-facets-response.json
 1/8 [▓▓▓░░░░░░░░░░░░░░░░░░░░░░░░░] 백업 생성 중...
   → __tests__/fixtures/installed-http-responses.json
 1/8 [▓▓▓░░░░░░░░░░░░░░░░░░░░░░░░░] 백업 생성 중...
   → __tests__/geometry/requests-native.mjs
 1/8 [▓▓▓░░░░░░░░░░░░░░░░░░░░░░░░░] 백업 생성 중...
   → __tests__/geometry/requests-mobile.mjs
 1/8 [▓▓▓░░░░░░░░░░░░░░░░░░░░░░░░░] 백업 생성 중...
   → __tests__/layouts/installed-response.test.tsx
 1/8 [▓▓▓░░░░░░░░░░░░░░░░░░░░░░░░░] 백업 생성 중...
   → __tests__/layouts/contract.test.ts
 1/8 [▓▓▓░░░░░░░░░░░░░░░░░░░░░░░░░] 백업 생성 중...
   → __tests__/layouts/cart.test.tsx
 1/8 [▓▓▓░░░░░░░░░░░░░░░░░░░░░░░░░] 백업 생성 중...
   → __tests__/layouts/help-edit.test.tsx
 1/8 [▓▓▓░░░░░░░░░░░░░░░░░░░░░░░░░] 백업 생성 중...
   → __tests__/layouts/admin-api-contract.test.tsx
 1/8 [▓▓▓░░░░░░░░░░░░░░░░░░░░░░░░░] 백업 생성 중...
   → __tests__/layouts/home-search.test.tsx
 1/8 [▓▓▓░░░░░░░░░░░░░░░░░░░░░░░░░] 백업 생성 중...
   → __tests__/layouts/product.test.tsx
 1/8 [▓▓▓░░░░░░░░░░░░░░░░░░░░░░░░░] 백업 생성 중...
   → __tests__/layouts/requests-help.test.tsx
 1/8 [▓▓▓░░░░░░░░░░░░░░░░░░░░░░░░░] 백업 생성 중...
   → __tests__/helpers/travelTestKit.ts
 1/8 [▓▓▓░░░░░░░░░░░░░░░░░░░░░░░░░] 백업 생성 중...
   → __tests__/components/travelComponents.test.tsx
 1/8 [▓▓▓░░░░░░░░░░░░░░░░░░░░░░░░░] 백업 생성 중...
   → __tests__/components/inquiryKey.test.ts
 1/8 [▓▓▓░░░░░░░░░░░░░░░░░░░░░░░░░] 백업 생성 중...
   → package.json
 1/8 [▓▓▓░░░░░░░░░░░░░░░░░░░░░░░░░] 백업 생성 중...
   → template.json
 1/8 [▓▓▓░░░░░░░░░░░░░░░░░░░░░░░░░] 백업 생성 중...
   → dist/index.d.ts
 1/8 [▓▓▓░░░░░░░░░░░░░░░░░░░░░░░░░] 백업 생성 중...
   → dist/handlers/index.d.ts
 1/8 [▓▓▓░░░░░░░░░░░░░░░░░░░░░░░░░] 백업 생성 중...
   → dist/handlers/inquiryKey.d.ts
 1/8 [▓▓▓░░░░░░░░░░░░░░░░░░░░░░░░░] 백업 생성 중...
   → dist/types/index.d.ts
 1/8 [▓▓▓░░░░░░░░░░░░░░░░░░░░░░░░░] 백업 생성 중...
   → dist/vendor/font-awesome/6.4.0/LICENSE.txt
 1/8 [▓▓▓░░░░░░░░░░░░░░░░░░░░░░░░░] 백업 생성 중...
   → dist/vendor/font-awesome/6.4.0/webfonts/fa-solid-900.woff2
 1/8 [▓▓▓░░░░░░░░░░░░░░░░░░░░░░░░░] 백업 생성 중...
   → dist/vendor/font-awesome/6.4.0/webfonts/fa-regular-400.woff2
 1/8 [▓▓▓░░░░░░░░░░░░░░░░░░░░░░░░░] 백업 생성 중...
   → dist/vendor/font-awesome/6.4.0/webfonts/fa-brands-400.woff2
 1/8 [▓▓▓░░░░░░░░░░░░░░░░░░░░░░░░░] 백업 생성 중...
   → dist/vendor/font-awesome/6.4.0/webfonts/fa-v4compatibility.woff2
 1/8 [▓▓▓░░░░░░░░░░░░░░░░░░░░░░░░░] 백업 생성 중...
   → dist/vendor/font-awesome/6.4.0/css/all.inlined.css
 1/8 [▓▓▓░░░░░░░░░░░░░░░░░░░░░░░░░] 백업 생성 중...
   → dist/js/components.iife.js
 1/8 [▓▓▓░░░░░░░░░░░░░░░░░░░░░░░░░] 백업 생성 중...
   → dist/css/components.css
 1/8 [▓▓▓░░░░░░░░░░░░░░░░░░░░░░░░░] 백업 생성 중...
   → dist/components/basic/Label.d.ts
 1/8 [▓▓▓░░░░░░░░░░░░░░░░░░░░░░░░░] 백업 생성 중...
   → dist/components/basic/Button.d.ts
 1/8 [▓▓▓░░░░░░░░░░░░░░░░░░░░░░░░░] 백업 생성 중...
   → dist/components/basic/H1.d.ts
 1/8 [▓▓▓░░░░░░░░░░░░░░░░░░░░░░░░░] 백업 생성 중...
   → dist/components/basic/P.d.ts
 1/8 [▓▓▓░░░░░░░░░░░░░░░░░░░░░░░░░] 백업 생성 중...
   → dist/components/basic/Li.d.ts
 1/8 [▓▓▓░░░░░░░░░░░░░░░░░░░░░░░░░] 백업 생성 중...
   → dist/components/basic/H4.d.ts
 1/8 [▓▓▓░░░░░░░░░░░░░░░░░░░░░░░░░] 백업 생성 중...
   → dist/components/basic/H3.d.ts
 1/8 [▓▓▓░░░░░░░░░░░░░░░░░░░░░░░░░] 백업 생성 중...
   → dist/components/basic/Svg.d.ts
 1/8 [▓▓▓░░░░░░░░░░░░░░░░░░░░░░░░░] 백업 생성 중...
   → dist/components/basic/Input.d.ts
 1/8 [▓▓▓░░░░░░░░░░░░░░░░░░░░░░░░░] 백업 생성 중...
   → dist/components/basic/Icon.d.ts
 1/8 [▓▓▓░░░░░░░░░░░░░░░░░░░░░░░░░] 백업 생성 중...
   → dist/components/basic/Span.d.ts
 1/8 [▓▓▓░░░░░░░░░░░░░░░░░░░░░░░░░] 백업 생성 중...
   → dist/components/basic/Ul.d.ts
 1/8 [▓▓▓░░░░░░░░░░░░░░░░░░░░░░░░░] 백업 생성 중...
   → dist/components/basic/Hr.d.ts
 1/8 [▓▓▓░░░░░░░░░░░░░░░░░░░░░░░░░] 백업 생성 중...
   → dist/components/basic/Img.d.ts
 1/8 [▓▓▓░░░░░░░░░░░░░░░░░░░░░░░░░] 백업 생성 중...
   → dist/components/basic/Div.d.ts
 1/8 [▓▓▓░░░░░░░░░░░░░░░░░░░░░░░░░] 백업 생성 중...
   → dist/components/basic/IconTypes.d.ts
 1/8 [▓▓▓░░░░░░░░░░░░░░░░░░░░░░░░░] 백업 생성 중...
   → dist/components/basic/H2.d.ts
 1/8 [▓▓▓░░░░░░░░░░░░░░░░░░░░░░░░░] 백업 생성 중...
   → dist/components/basic/Form.d.ts
 1/8 [▓▓▓░░░░░░░░░░░░░░░░░░░░░░░░░] 백업 생성 중...
   → dist/components/basic/Section.d.ts
 1/8 [▓▓▓░░░░░░░░░░░░░░░░░░░░░░░░░] 백업 생성 중...
   → dist/components/basic/A.d.ts
 1/8 [▓▓▓░░░░░░░░░░░░░░░░░░░░░░░░░] 백업 생성 중...
   → dist/components/basic/Textarea.d.ts
 1/8 [▓▓▓░░░░░░░░░░░░░░░░░░░░░░░░░] 백업 생성 중...
   → dist/components/basic/Option.d.ts
 1/8 [▓▓▓░░░░░░░░░░░░░░░░░░░░░░░░░] 백업 생성 중...
   → dist/components/basic/Nav.d.ts
 1/8 [▓▓▓░░░░░░░░░░░░░░░░░░░░░░░░░] 백업 생성 중...
   → dist/components/basic/Select.d.ts
 1/8 [▓▓▓░░░░░░░░░░░░░░░░░░░░░░░░░] 백업 생성 중...
   → dist/components/composite/StatusBadge.d.ts
 1/8 [▓▓▓░░░░░░░░░░░░░░░░░░░░░░░░░] 백업 생성 중...
   → dist/components/composite/Modal.d.ts
 1/8 [▓▓▓░░░░░░░░░░░░░░░░░░░░░░░░░] 백업 생성 중...
   → dist/components/composite/ScenicArt.d.ts
 1/8 [▓▓▓░░░░░░░░░░░░░░░░░░░░░░░░░] 백업 생성 중...
   → dist/components/composite/Pagination.d.ts
 1/8 [▓▓▓░░░░░░░░░░░░░░░░░░░░░░░░░] 백업 생성 중...
   → dist/components/composite/PriceTag.d.ts
 1/8 [▓▓▓░░░░░░░░░░░░░░░░░░░░░░░░░] 백업 생성 중...
   → dist/components/composite/Toast.d.ts
 1/8 [▓▓▓░░░░░░░░░░░░░░░░░░░░░░░░░] 백업 생성 중...
   → package-lock.json
 3/8 [▓▓▓▓▓▓▓▓▓▓░░░░░░░░░░░░░░░░░░] 스테이징 중...
   → docs/architecture.md
 3/8 [▓▓▓▓▓▓▓▓▓▓░░░░░░░░░░░░░░░░░░] 스테이징 중...
   → docs/components.md
 3/8 [▓▓▓▓▓▓▓▓▓▓░░░░░░░░░░░░░░░░░░] 스테이징 중...
   → docs/editor-spec.md
 3/8 [▓▓▓▓▓▓▓▓▓▓░░░░░░░░░░░░░░░░░░] 스테이징 중...
   → docs/handlers.md
 3/8 [▓▓▓▓▓▓▓▓▓▓░░░░░░░░░░░░░░░░░░] 스테이징 중...
   → docs/README.md
 3/8 [▓▓▓▓▓▓▓▓▓▓░░░░░░░░░░░░░░░░░░] 스테이징 중...
   → docs/layouts.md
 3/8 [▓▓▓▓▓▓▓▓▓▓░░░░░░░░░░░░░░░░░░] 스테이징 중...
   → routes.json
 3/8 [▓▓▓▓▓▓▓▓▓▓░░░░░░░░░░░░░░░░░░] 스테이징 중...
   → scripts/verify-inquiry-recovery.mjs
 3/8 [▓▓▓▓▓▓▓▓▓▓░░░░░░░░░░░░░░░░░░] 스테이징 중...
   → scripts/vendor-inline-css.mjs
 3/8 [▓▓▓▓▓▓▓▓▓▓░░░░░░░░░░░░░░░░░░] 스테이징 중...
   → scripts/triage-ui-boundaries.mjs
 3/8 [▓▓▓▓▓▓▓▓▓▓░░░░░░░░░░░░░░░░░░] 스테이징 중...
   → lang/en.json
 3/8 [▓▓▓▓▓▓▓▓▓▓░░░░░░░░░░░░░░░░░░] 스테이징 중...
   → lang/ko.json
 3/8 [▓▓▓▓▓▓▓▓▓▓░░░░░░░░░░░░░░░░░░] 스테이징 중...
   → LICENSE
 3/8 [▓▓▓▓▓▓▓▓▓▓░░░░░░░░░░░░░░░░░░] 스테이징 중...
   → tsconfig.json
 3/8 [▓▓▓▓▓▓▓▓▓▓░░░░░░░░░░░░░░░░░░] 스테이징 중...
   → layouts/_user_base.json
 3/8 [▓▓▓▓▓▓▓▓▓▓░░░░░░░░░░░░░░░░░░] 스테이징 중...
   → layouts/errors/maintenance.json
 3/8 [▓▓▓▓▓▓▓▓▓▓░░░░░░░░░░░░░░░░░░] 스테이징 중...
   → layouts/errors/401.json
 3/8 [▓▓▓▓▓▓▓▓▓▓░░░░░░░░░░░░░░░░░░] 스테이징 중...
   → layouts/errors/503.json
 3/8 [▓▓▓▓▓▓▓▓▓▓░░░░░░░░░░░░░░░░░░] 스테이징 중...
   → layouts/errors/404.json
 3/8 [▓▓▓▓▓▓▓▓▓▓░░░░░░░░░░░░░░░░░░] 스테이징 중...
   → layouts/errors/500.json
 3/8 [▓▓▓▓▓▓▓▓▓▓░░░░░░░░░░░░░░░░░░] 스테이징 중...
   → layouts/errors/403.json
 3/8 [▓▓▓▓▓▓▓▓▓▓░░░░░░░░░░░░░░░░░░] 스테이징 중...
   → layouts/partials/travel/_modal_cart_remove.json
 3/8 [▓▓▓▓▓▓▓▓▓▓░░░░░░░░░░░░░░░░░░] 스테이징 중...
   → layouts/partials/travel/_modal_request_cancel.json
 3/8 [▓▓▓▓▓▓▓▓▓▓░░░░░░░░░░░░░░░░░░] 스테이징 중...
   → layouts/travel/home.json
 3/8 [▓▓▓▓▓▓▓▓▓▓░░░░░░░░░░░░░░░░░░] 스테이징 중...
   → layouts/travel/request_detail.json
 3/8 [▓▓▓▓▓▓▓▓▓▓░░░░░░░░░░░░░░░░░░] 스테이징 중...
   → layouts/travel/search.json
 3/8 [▓▓▓▓▓▓▓▓▓▓░░░░░░░░░░░░░░░░░░] 스테이징 중...
   → layouts/travel/cart.json
 3/8 [▓▓▓▓▓▓▓▓▓▓░░░░░░░░░░░░░░░░░░] 스테이징 중...
   → layouts/travel/requests.json
 3/8 [▓▓▓▓▓▓▓▓▓▓░░░░░░░░░░░░░░░░░░] 스테이징 중...
   → layouts/travel/campaigns.json
 3/8 [▓▓▓▓▓▓▓▓▓▓░░░░░░░░░░░░░░░░░░] 스테이징 중...
   → layouts/travel/help.json
 3/8 [▓▓▓▓▓▓▓▓▓▓░░░░░░░░░░░░░░░░░░] 스테이징 중...
   → layouts/travel/campaign_detail.json
 3/8 [▓▓▓▓▓▓▓▓▓▓░░░░░░░░░░░░░░░░░░] 스테이징 중...
   → layouts/travel/product.json
 3/8 [▓▓▓▓▓▓▓▓▓▓░░░░░░░░░░░░░░░░░░] 스테이징 중...
   → layouts/auth/login.json
 3/8 [▓▓▓▓▓▓▓▓▓▓░░░░░░░░░░░░░░░░░░] 스테이징 중...
   → README.md
 3/8 [▓▓▓▓▓▓▓▓▓▓░░░░░░░░░░░░░░░░░░] 스테이징 중...
   → CHANGELOG.md
 3/8 [▓▓▓▓▓▓▓▓▓▓░░░░░░░░░░░░░░░░░░] 스테이징 중...
   → src/styles/main.css
 3/8 [▓▓▓▓▓▓▓▓▓▓░░░░░░░░░░░░░░░░░░] 스테이징 중...
   → src/handlers/inquiryKey.ts
 3/8 [▓▓▓▓▓▓▓▓▓▓░░░░░░░░░░░░░░░░░░] 스테이징 중...
   → src/handlers/index.ts
 3/8 [▓▓▓▓▓▓▓▓▓▓░░░░░░░░░░░░░░░░░░] 스테이징 중...
   → src/types/index.ts
 3/8 [▓▓▓▓▓▓▓▓▓▓░░░░░░░░░░░░░░░░░░] 스테이징 중...
   → src/index.ts
 3/8 [▓▓▓▓▓▓▓▓▓▓░░░░░░░░░░░░░░░░░░] 스테이징 중...
   → src/components/basic/H4.tsx
 3/8 [▓▓▓▓▓▓▓▓▓▓░░░░░░░░░░░░░░░░░░] 스테이징 중...
   → src/components/basic/Label.tsx
 3/8 [▓▓▓▓▓▓▓▓▓▓░░░░░░░░░░░░░░░░░░] 스테이징 중...
   → src/components/basic/Ul.tsx
 3/8 [▓▓▓▓▓▓▓▓▓▓░░░░░░░░░░░░░░░░░░] 스테이징 중...
   → src/components/basic/Li.tsx
 3/8 [▓▓▓▓▓▓▓▓▓▓░░░░░░░░░░░░░░░░░░] 스테이징 중...
   → src/components/basic/Textarea.tsx
 3/8 [▓▓▓▓▓▓▓▓▓▓░░░░░░░░░░░░░░░░░░] 스테이징 중...
   → src/components/basic/Hr.tsx
 3/8 [▓▓▓▓▓▓▓▓▓▓░░░░░░░░░░░░░░░░░░] 스테이징 중...
   → src/components/basic/Form.tsx
 3/8 [▓▓▓▓▓▓▓▓▓▓░░░░░░░░░░░░░░░░░░] 스테이징 중...
   → src/components/basic/H1.tsx
 3/8 [▓▓▓▓▓▓▓▓▓▓░░░░░░░░░░░░░░░░░░] 스테이징 중...
   → src/components/basic/A.tsx
 3/8 [▓▓▓▓▓▓▓▓▓▓░░░░░░░░░░░░░░░░░░] 스테이징 중...
   → src/components/basic/Svg.tsx
 3/8 [▓▓▓▓▓▓▓▓▓▓░░░░░░░░░░░░░░░░░░] 스테이징 중...
   → src/components/basic/Span.tsx
 3/8 [▓▓▓▓▓▓▓▓▓▓░░░░░░░░░░░░░░░░░░] 스테이징 중...
   → src/components/basic/Button.tsx
 3/8 [▓▓▓▓▓▓▓▓▓▓░░░░░░░░░░░░░░░░░░] 스테이징 중...
   → src/components/basic/IconTypes.ts
 3/8 [▓▓▓▓▓▓▓▓▓▓░░░░░░░░░░░░░░░░░░] 스테이징 중...
   → src/components/basic/Icon.tsx
 3/8 [▓▓▓▓▓▓▓▓▓▓░░░░░░░░░░░░░░░░░░] 스테이징 중...
   → src/components/basic/H2.tsx
 3/8 [▓▓▓▓▓▓▓▓▓▓░░░░░░░░░░░░░░░░░░] 스테이징 중...
   → src/components/basic/Nav.tsx
 3/8 [▓▓▓▓▓▓▓▓▓▓░░░░░░░░░░░░░░░░░░] 스테이징 중...
   → src/components/basic/P.tsx
 3/8 [▓▓▓▓▓▓▓▓▓▓░░░░░░░░░░░░░░░░░░] 스테이징 중...
   → src/components/basic/Img.tsx
 3/8 [▓▓▓▓▓▓▓▓▓▓░░░░░░░░░░░░░░░░░░] 스테이징 중...
   → src/components/basic/Section.tsx
 3/8 [▓▓▓▓▓▓▓▓▓▓░░░░░░░░░░░░░░░░░░] 스테이징 중...
   → src/components/basic/Input.tsx
 3/8 [▓▓▓▓▓▓▓▓▓▓░░░░░░░░░░░░░░░░░░] 스테이징 중...
   → src/components/basic/H3.tsx
 3/8 [▓▓▓▓▓▓▓▓▓▓░░░░░░░░░░░░░░░░░░] 스테이징 중...
   → src/components/basic/Option.tsx
 3/8 [▓▓▓▓▓▓▓▓▓▓░░░░░░░░░░░░░░░░░░] 스테이징 중...
   → src/components/basic/Select.tsx
 3/8 [▓▓▓▓▓▓▓▓▓▓░░░░░░░░░░░░░░░░░░] 스테이징 중...
   → src/components/basic/Div.tsx
 3/8 [▓▓▓▓▓▓▓▓▓▓░░░░░░░░░░░░░░░░░░] 스테이징 중...
   → src/components/composite/PriceTag.tsx
 3/8 [▓▓▓▓▓▓▓▓▓▓░░░░░░░░░░░░░░░░░░] 스테이징 중...
   → src/components/composite/Toast.tsx
 3/8 [▓▓▓▓▓▓▓▓▓▓░░░░░░░░░░░░░░░░░░] 스테이징 중...
   → src/components/composite/PageBody.tsx
 3/8 [▓▓▓▓▓▓▓▓▓▓░░░░░░░░░░░░░░░░░░] 스테이징 중...
   → src/components/composite/Pagination.tsx
 3/8 [▓▓▓▓▓▓▓▓▓▓░░░░░░░░░░░░░░░░░░] 스테이징 중...
   → src/components/composite/Modal.tsx
 3/8 [▓▓▓▓▓▓▓▓▓▓░░░░░░░░░░░░░░░░░░] 스테이징 중...
   → src/components/composite/StatusBadge.tsx
 3/8 [▓▓▓▓▓▓▓▓▓▓░░░░░░░░░░░░░░░░░░] 스테이징 중...
   → src/components/composite/ScenicArt.tsx
 3/8 [▓▓▓▓▓▓▓▓▓▓░░░░░░░░░░░░░░░░░░] 스테이징 중...
   → AGENTS.md
 3/8 [▓▓▓▓▓▓▓▓▓▓░░░░░░░░░░░░░░░░░░] 스테이징 중...
   → vite.config.ts
 3/8 [▓▓▓▓▓▓▓▓▓▓░░░░░░░░░░░░░░░░░░] 스테이징 중...
   → vitest.config.ts
 3/8 [▓▓▓▓▓▓▓▓▓▓░░░░░░░░░░░░░░░░░░] 스테이징 중...
   → components.json
 3/8 [▓▓▓▓▓▓▓▓▓▓░░░░░░░░░░░░░░░░░░] 스테이징 중...
   → tests/scenarios/travel-customer-flow.yaml
 3/8 [▓▓▓▓▓▓▓▓▓▓░░░░░░░░░░░░░░░░░░] 스테이징 중...
   → tests/scenarios/campaigns.yaml
 3/8 [▓▓▓▓▓▓▓▓▓▓░░░░░░░░░░░░░░░░░░] 스테이징 중...
   → __tests__/evidence/mobile-request-native-owner-after-pointer-1440.png
 3/8 [▓▓▓▓▓▓▓▓▓▓░░░░░░░░░░░░░░░░░░] 스테이징 중...
   → __tests__/evidence/mobile-request-candidate-1440.png
 3/8 [▓▓▓▓▓▓▓▓▓▓░░░░░░░░░░░░░░░░░░] 스테이징 중...
   → __tests__/evidence/mobile-request-native-owner-after-390.png
 3/8 [▓▓▓▓▓▓▓▓▓▓░░░░░░░░░░░░░░░░░░] 스테이징 중...
   → __tests__/evidence/mobile-request-native-owner-after.json
 3/8 [▓▓▓▓▓▓▓▓▓▓░░░░░░░░░░░░░░░░░░] 스테이징 중...
   → __tests__/evidence/mobile-request-repair-manifest.json
 3/8 [▓▓▓▓▓▓▓▓▓▓░░░░░░░░░░░░░░░░░░] 스테이징 중...
   → __tests__/evidence/mobile-request-native-owner-before-1440.png
 3/8 [▓▓▓▓▓▓▓▓▓▓░░░░░░░░░░░░░░░░░░] 스테이징 중...
   → __tests__/evidence/mobile-request-native-owner-after-pointer-390.png
 3/8 [▓▓▓▓▓▓▓▓▓▓░░░░░░░░░░░░░░░░░░] 스테이징 중...
   → __tests__/evidence/mobile-request-native-before-390.png
 3/8 [▓▓▓▓▓▓▓▓▓▓░░░░░░░░░░░░░░░░░░] 스테이징 중...
   → __tests__/evidence/mobile-request-candidate.json
 3/8 [▓▓▓▓▓▓▓▓▓▓░░░░░░░░░░░░░░░░░░] 스테이징 중...
   → __tests__/evidence/mobile-request-native-owner-after-date-390.png
 3/8 [▓▓▓▓▓▓▓▓▓▓░░░░░░░░░░░░░░░░░░] 스테이징 중...
   → __tests__/evidence/mobile-request-native-owner-after-date-1440.png
 3/8 [▓▓▓▓▓▓▓▓▓▓░░░░░░░░░░░░░░░░░░] 스테이징 중...
   → __tests__/evidence/mobile-request-before.json
 3/8 [▓▓▓▓▓▓▓▓▓▓░░░░░░░░░░░░░░░░░░] 스테이징 중...
   → __tests__/evidence/mobile-request-native-owner-after-date.json
 3/8 [▓▓▓▓▓▓▓▓▓▓░░░░░░░░░░░░░░░░░░] 스테이징 중...
   → __tests__/evidence/mobile-request-before-390.png
 3/8 [▓▓▓▓▓▓▓▓▓▓░░░░░░░░░░░░░░░░░░] 스테이징 중...
   → __tests__/evidence/mobile-request-native-before.json
 3/8 [▓▓▓▓▓▓▓▓▓▓░░░░░░░░░░░░░░░░░░] 스테이징 중...
   → __tests__/evidence/mobile-request-native-owner-before.json
 3/8 [▓▓▓▓▓▓▓▓▓▓░░░░░░░░░░░░░░░░░░] 스테이징 중...
   → __tests__/evidence/mobile-request-native-before-multiple.json
 3/8 [▓▓▓▓▓▓▓▓▓▓░░░░░░░░░░░░░░░░░░] 스테이징 중...
   → __tests__/evidence/mobile-request-native-owner-after-1440.png
 3/8 [▓▓▓▓▓▓▓▓▓▓░░░░░░░░░░░░░░░░░░] 스테이징 중...
   → __tests__/evidence/mobile-request-native-owner-before-390.png
 3/8 [▓▓▓▓▓▓▓▓▓▓░░░░░░░░░░░░░░░░░░] 스테이징 중...
   → __tests__/evidence/mobile-request-candidate-390.png
 3/8 [▓▓▓▓▓▓▓▓▓▓░░░░░░░░░░░░░░░░░░] 스테이징 중...
   → __tests__/evidence/mobile-request-native-before-multiple-390.png
 3/8 [▓▓▓▓▓▓▓▓▓▓░░░░░░░░░░░░░░░░░░] 스테이징 중...
   → __tests__/evidence/mobile-request-before-1440.png
 3/8 [▓▓▓▓▓▓▓▓▓▓░░░░░░░░░░░░░░░░░░] 스테이징 중...
   → __tests__/evidence/mobile-request-native-before-multiple-1440.png
 3/8 [▓▓▓▓▓▓▓▓▓▓░░░░░░░░░░░░░░░░░░] 스테이징 중...
   → __tests__/evidence/w03-ui-repair.json
 3/8 [▓▓▓▓▓▓▓▓▓▓░░░░░░░░░░░░░░░░░░] 스테이징 중...
   → __tests__/evidence/mobile-request-native-owner-after-pointer.json
 3/8 [▓▓▓▓▓▓▓▓▓▓░░░░░░░░░░░░░░░░░░] 스테이징 중...
   → __tests__/evidence/w03-ui-boundary-repair.json
 3/8 [▓▓▓▓▓▓▓▓▓▓░░░░░░░░░░░░░░░░░░] 스테이징 중...
   → __tests__/evidence/mobile-request-native-before-1440.png
 3/8 [▓▓▓▓▓▓▓▓▓▓░░░░░░░░░░░░░░░░░░] 스테이징 중...
   → __tests__/fixtures/installed-facets-response.json
 3/8 [▓▓▓▓▓▓▓▓▓▓░░░░░░░░░░░░░░░░░░] 스테이징 중...
   → __tests__/fixtures/installed-http-responses.json
 3/8 [▓▓▓▓▓▓▓▓▓▓░░░░░░░░░░░░░░░░░░] 스테이징 중...
   → __tests__/geometry/requests-native.mjs
 3/8 [▓▓▓▓▓▓▓▓▓▓░░░░░░░░░░░░░░░░░░] 스테이징 중...
   → __tests__/geometry/requests-mobile.mjs
 3/8 [▓▓▓▓▓▓▓▓▓▓░░░░░░░░░░░░░░░░░░] 스테이징 중...
   → __tests__/layouts/installed-response.test.tsx
 3/8 [▓▓▓▓▓▓▓▓▓▓░░░░░░░░░░░░░░░░░░] 스테이징 중...
   → __tests__/layouts/campaigns.test.tsx
 3/8 [▓▓▓▓▓▓▓▓▓▓░░░░░░░░░░░░░░░░░░] 스테이징 중...
   → __tests__/layouts/contract.test.ts
 3/8 [▓▓▓▓▓▓▓▓▓▓░░░░░░░░░░░░░░░░░░] 스테이징 중...
   → __tests__/layouts/cart.test.tsx
 3/8 [▓▓▓▓▓▓▓▓▓▓░░░░░░░░░░░░░░░░░░] 스테이징 중...
   → __tests__/layouts/help-edit.test.tsx
 3/8 [▓▓▓▓▓▓▓▓▓▓░░░░░░░░░░░░░░░░░░] 스테이징 중...
   → __tests__/layouts/admin-api-contract.test.tsx
 3/8 [▓▓▓▓▓▓▓▓▓▓░░░░░░░░░░░░░░░░░░] 스테이징 중...
   → __tests__/layouts/home-search.test.tsx
 3/8 [▓▓▓▓▓▓▓▓▓▓░░░░░░░░░░░░░░░░░░] 스테이징 중...
   → __tests__/layouts/product.test.tsx
 3/8 [▓▓▓▓▓▓▓▓▓▓░░░░░░░░░░░░░░░░░░] 스테이징 중...
   → __tests__/layouts/requests-help.test.tsx
 3/8 [▓▓▓▓▓▓▓▓▓▓░░░░░░░░░░░░░░░░░░] 스테이징 중...
   → __tests__/helpers/travelTestKit.ts
 3/8 [▓▓▓▓▓▓▓▓▓▓░░░░░░░░░░░░░░░░░░] 스테이징 중...
   → __tests__/components/pageBody.test.tsx
 3/8 [▓▓▓▓▓▓▓▓▓▓░░░░░░░░░░░░░░░░░░] 스테이징 중...
   → __tests__/components/travelComponents.test.tsx
 3/8 [▓▓▓▓▓▓▓▓▓▓░░░░░░░░░░░░░░░░░░] 스테이징 중...
   → __tests__/components/inquiryKey.test.ts
 3/8 [▓▓▓▓▓▓▓▓▓▓░░░░░░░░░░░░░░░░░░] 스테이징 중...
   → package.json
 3/8 [▓▓▓▓▓▓▓▓▓▓░░░░░░░░░░░░░░░░░░] 스테이징 중...
   → template.json
 3/8 [▓▓▓▓▓▓▓▓▓▓░░░░░░░░░░░░░░░░░░] 스테이징 중...
   → dist/index.d.ts
 3/8 [▓▓▓▓▓▓▓▓▓▓░░░░░░░░░░░░░░░░░░] 스테이징 중...
   → dist/handlers/index.d.ts
 3/8 [▓▓▓▓▓▓▓▓▓▓░░░░░░░░░░░░░░░░░░] 스테이징 중...
   → dist/handlers/inquiryKey.d.ts
 3/8 [▓▓▓▓▓▓▓▓▓▓░░░░░░░░░░░░░░░░░░] 스테이징 중...
   → dist/types/index.d.ts
 3/8 [▓▓▓▓▓▓▓▓▓▓░░░░░░░░░░░░░░░░░░] 스테이징 중...
   → dist/vendor/font-awesome/6.4.0/LICENSE.txt
 3/8 [▓▓▓▓▓▓▓▓▓▓░░░░░░░░░░░░░░░░░░] 스테이징 중...
   → dist/vendor/font-awesome/6.4.0/webfonts/fa-solid-900.woff2
 3/8 [▓▓▓▓▓▓▓▓▓▓░░░░░░░░░░░░░░░░░░] 스테이징 중...
   → dist/vendor/font-awesome/6.4.0/webfonts/fa-regular-400.woff2
 3/8 [▓▓▓▓▓▓▓▓▓▓░░░░░░░░░░░░░░░░░░] 스테이징 중...
   → dist/vendor/font-awesome/6.4.0/webfonts/fa-brands-400.woff2
 3/8 [▓▓▓▓▓▓▓▓▓▓░░░░░░░░░░░░░░░░░░] 스테이징 중...
   → dist/vendor/font-awesome/6.4.0/webfonts/fa-v4compatibility.woff2
 3/8 [▓▓▓▓▓▓▓▓▓▓░░░░░░░░░░░░░░░░░░] 스테이징 중...
   → dist/vendor/font-awesome/6.4.0/css/all.inlined.css
 3/8 [▓▓▓▓▓▓▓▓▓▓░░░░░░░░░░░░░░░░░░] 스테이징 중...
   → dist/js/components.iife.js
 3/8 [▓▓▓▓▓▓▓▓▓▓░░░░░░░░░░░░░░░░░░] 스테이징 중...
   → dist/css/components.css
 3/8 [▓▓▓▓▓▓▓▓▓▓░░░░░░░░░░░░░░░░░░] 스테이징 중...
   → dist/components/basic/Label.d.ts
 3/8 [▓▓▓▓▓▓▓▓▓▓░░░░░░░░░░░░░░░░░░] 스테이징 중...
   → dist/components/basic/Button.d.ts
 3/8 [▓▓▓▓▓▓▓▓▓▓░░░░░░░░░░░░░░░░░░] 스테이징 중...
   → dist/components/basic/H1.d.ts
 3/8 [▓▓▓▓▓▓▓▓▓▓░░░░░░░░░░░░░░░░░░] 스테이징 중...
   → dist/components/basic/P.d.ts
 3/8 [▓▓▓▓▓▓▓▓▓▓░░░░░░░░░░░░░░░░░░] 스테이징 중...
   → dist/components/basic/Li.d.ts
 3/8 [▓▓▓▓▓▓▓▓▓▓░░░░░░░░░░░░░░░░░░] 스테이징 중...
   → dist/components/basic/H4.d.ts
 3/8 [▓▓▓▓▓▓▓▓▓▓░░░░░░░░░░░░░░░░░░] 스테이징 중...
   → dist/components/basic/H3.d.ts
 3/8 [▓▓▓▓▓▓▓▓▓▓░░░░░░░░░░░░░░░░░░] 스테이징 중...
   → dist/components/basic/Svg.d.ts
 3/8 [▓▓▓▓▓▓▓▓▓▓░░░░░░░░░░░░░░░░░░] 스테이징 중...
   → dist/components/basic/Input.d.ts
 3/8 [▓▓▓▓▓▓▓▓▓▓░░░░░░░░░░░░░░░░░░] 스테이징 중...
   → dist/components/basic/Icon.d.ts
 3/8 [▓▓▓▓▓▓▓▓▓▓░░░░░░░░░░░░░░░░░░] 스테이징 중...
   → dist/components/basic/Span.d.ts
 3/8 [▓▓▓▓▓▓▓▓▓▓░░░░░░░░░░░░░░░░░░] 스테이징 중...
   → dist/components/basic/Ul.d.ts
 3/8 [▓▓▓▓▓▓▓▓▓▓░░░░░░░░░░░░░░░░░░] 스테이징 중...
   → dist/components/basic/Hr.d.ts
 3/8 [▓▓▓▓▓▓▓▓▓▓░░░░░░░░░░░░░░░░░░] 스테이징 중...
   → dist/components/basic/Img.d.ts
 3/8 [▓▓▓▓▓▓▓▓▓▓░░░░░░░░░░░░░░░░░░] 스테이징 중...
   → dist/components/basic/Div.d.ts
 3/8 [▓▓▓▓▓▓▓▓▓▓░░░░░░░░░░░░░░░░░░] 스테이징 중...
   → dist/components/basic/IconTypes.d.ts
 3/8 [▓▓▓▓▓▓▓▓▓▓░░░░░░░░░░░░░░░░░░] 스테이징 중...
   → dist/components/basic/H2.d.ts
 3/8 [▓▓▓▓▓▓▓▓▓▓░░░░░░░░░░░░░░░░░░] 스테이징 중...
   → dist/components/basic/Form.d.ts
 3/8 [▓▓▓▓▓▓▓▓▓▓░░░░░░░░░░░░░░░░░░] 스테이징 중...
   → dist/components/basic/Section.d.ts
 3/8 [▓▓▓▓▓▓▓▓▓▓░░░░░░░░░░░░░░░░░░] 스테이징 중...
   → dist/components/basic/A.d.ts
 3/8 [▓▓▓▓▓▓▓▓▓▓░░░░░░░░░░░░░░░░░░] 스테이징 중...
   → dist/components/basic/Textarea.d.ts
 3/8 [▓▓▓▓▓▓▓▓▓▓░░░░░░░░░░░░░░░░░░] 스테이징 중...
   → dist/components/basic/Option.d.ts
 3/8 [▓▓▓▓▓▓▓▓▓▓░░░░░░░░░░░░░░░░░░] 스테이징 중...
   → dist/components/basic/Nav.d.ts
 3/8 [▓▓▓▓▓▓▓▓▓▓░░░░░░░░░░░░░░░░░░] 스테이징 중...
   → dist/components/basic/Select.d.ts
 3/8 [▓▓▓▓▓▓▓▓▓▓░░░░░░░░░░░░░░░░░░] 스테이징 중...
   → dist/components/composite/PageBody.d.ts
 3/8 [▓▓▓▓▓▓▓▓▓▓░░░░░░░░░░░░░░░░░░] 스테이징 중...
   → dist/components/composite/StatusBadge.d.ts
 3/8 [▓▓▓▓▓▓▓▓▓▓░░░░░░░░░░░░░░░░░░] 스테이징 중...
   → dist/components/composite/Modal.d.ts
 3/8 [▓▓▓▓▓▓▓▓▓▓░░░░░░░░░░░░░░░░░░] 스테이징 중...
   → dist/components/composite/ScenicArt.d.ts
 3/8 [▓▓▓▓▓▓▓▓▓▓░░░░░░░░░░░░░░░░░░] 스테이징 중...
   → dist/components/composite/Pagination.d.ts
 3/8 [▓▓▓▓▓▓▓▓▓▓░░░░░░░░░░░░░░░░░░] 스테이징 중...
   → dist/components/composite/PriceTag.d.ts
 3/8 [▓▓▓▓▓▓▓▓▓▓░░░░░░░░░░░░░░░░░░] 스테이징 중...
   → dist/components/composite/Toast.d.ts
 3/8 [▓▓▓▓▓▓▓▓▓▓░░░░░░░░░░░░░░░░░░] 스테이징 중...
   → package-lock.json
 4/8 [▓▓▓▓▓▓▓▓▓▓▓▓▓▓░░░░░░░░░░░░░░] 파일 교체 중...
   → docs/architecture.md
 4/8 [▓▓▓▓▓▓▓▓▓▓▓▓▓▓░░░░░░░░░░░░░░] 파일 교체 중...
   → docs/components.md
 4/8 [▓▓▓▓▓▓▓▓▓▓▓▓▓▓░░░░░░░░░░░░░░] 파일 교체 중...
   → docs/editor-spec.md
 4/8 [▓▓▓▓▓▓▓▓▓▓▓▓▓▓░░░░░░░░░░░░░░] 파일 교체 중...
   → docs/handlers.md
 4/8 [▓▓▓▓▓▓▓▓▓▓▓▓▓▓░░░░░░░░░░░░░░] 파일 교체 중...
   → docs/README.md
 4/8 [▓▓▓▓▓▓▓▓▓▓▓▓▓▓░░░░░░░░░░░░░░] 파일 교체 중...
   → docs/layouts.md
 4/8 [▓▓▓▓▓▓▓▓▓▓▓▓▓▓░░░░░░░░░░░░░░] 파일 교체 중...
   → routes.json
 4/8 [▓▓▓▓▓▓▓▓▓▓▓▓▓▓░░░░░░░░░░░░░░] 파일 교체 중...
   → scripts/verify-inquiry-recovery.mjs
 4/8 [▓▓▓▓▓▓▓▓▓▓▓▓▓▓░░░░░░░░░░░░░░] 파일 교체 중...
   → scripts/vendor-inline-css.mjs
 4/8 [▓▓▓▓▓▓▓▓▓▓▓▓▓▓░░░░░░░░░░░░░░] 파일 교체 중...
   → scripts/triage-ui-boundaries.mjs
 4/8 [▓▓▓▓▓▓▓▓▓▓▓▓▓▓░░░░░░░░░░░░░░] 파일 교체 중...
   → lang/en.json
 4/8 [▓▓▓▓▓▓▓▓▓▓▓▓▓▓░░░░░░░░░░░░░░] 파일 교체 중...
   → lang/ko.json
 4/8 [▓▓▓▓▓▓▓▓▓▓▓▓▓▓░░░░░░░░░░░░░░] 파일 교체 중...
   → LICENSE
 4/8 [▓▓▓▓▓▓▓▓▓▓▓▓▓▓░░░░░░░░░░░░░░] 파일 교체 중...
   → tsconfig.json
 4/8 [▓▓▓▓▓▓▓▓▓▓▓▓▓▓░░░░░░░░░░░░░░] 파일 교체 중...
   → layouts/_user_base.json
 4/8 [▓▓▓▓▓▓▓▓▓▓▓▓▓▓░░░░░░░░░░░░░░] 파일 교체 중...
   → layouts/errors/maintenance.json
 4/8 [▓▓▓▓▓▓▓▓▓▓▓▓▓▓░░░░░░░░░░░░░░] 파일 교체 중...
   → layouts/errors/401.json
 4/8 [▓▓▓▓▓▓▓▓▓▓▓▓▓▓░░░░░░░░░░░░░░] 파일 교체 중...
   → layouts/errors/503.json
 4/8 [▓▓▓▓▓▓▓▓▓▓▓▓▓▓░░░░░░░░░░░░░░] 파일 교체 중...
   → layouts/errors/404.json
 4/8 [▓▓▓▓▓▓▓▓▓▓▓▓▓▓░░░░░░░░░░░░░░] 파일 교체 중...
   → layouts/errors/500.json
 4/8 [▓▓▓▓▓▓▓▓▓▓▓▓▓▓░░░░░░░░░░░░░░] 파일 교체 중...
   → layouts/errors/403.json
 4/8 [▓▓▓▓▓▓▓▓▓▓▓▓▓▓░░░░░░░░░░░░░░] 파일 교체 중...
   → layouts/partials/travel/_modal_cart_remove.json
 4/8 [▓▓▓▓▓▓▓▓▓▓▓▓▓▓░░░░░░░░░░░░░░] 파일 교체 중...
   → layouts/partials/travel/_modal_request_cancel.json
 4/8 [▓▓▓▓▓▓▓▓▓▓▓▓▓▓░░░░░░░░░░░░░░] 파일 교체 중...
   → layouts/travel/home.json
 4/8 [▓▓▓▓▓▓▓▓▓▓▓▓▓▓░░░░░░░░░░░░░░] 파일 교체 중...
   → layouts/travel/request_detail.json
 4/8 [▓▓▓▓▓▓▓▓▓▓▓▓▓▓░░░░░░░░░░░░░░] 파일 교체 중...
   → layouts/travel/search.json
 4/8 [▓▓▓▓▓▓▓▓▓▓▓▓▓▓░░░░░░░░░░░░░░] 파일 교체 중...
   → layouts/travel/cart.json
 4/8 [▓▓▓▓▓▓▓▓▓▓▓▓▓▓░░░░░░░░░░░░░░] 파일 교체 중...
   → layouts/travel/requests.json
 4/8 [▓▓▓▓▓▓▓▓▓▓▓▓▓▓░░░░░░░░░░░░░░] 파일 교체 중...
   → layouts/travel/campaigns.json
 4/8 [▓▓▓▓▓▓▓▓▓▓▓▓▓▓░░░░░░░░░░░░░░] 파일 교체 중...
   → layouts/travel/help.json
 4/8 [▓▓▓▓▓▓▓▓▓▓▓▓▓▓░░░░░░░░░░░░░░] 파일 교체 중...
   → layouts/travel/campaign_detail.json
 4/8 [▓▓▓▓▓▓▓▓▓▓▓▓▓▓░░░░░░░░░░░░░░] 파일 교체 중...
   → layouts/travel/product.json
 4/8 [▓▓▓▓▓▓▓▓▓▓▓▓▓▓░░░░░░░░░░░░░░] 파일 교체 중...
   → layouts/auth/login.json
 4/8 [▓▓▓▓▓▓▓▓▓▓▓▓▓▓░░░░░░░░░░░░░░] 파일 교체 중...
   → README.md
 4/8 [▓▓▓▓▓▓▓▓▓▓▓▓▓▓░░░░░░░░░░░░░░] 파일 교체 중...
   → CHANGELOG.md
 4/8 [▓▓▓▓▓▓▓▓▓▓▓▓▓▓░░░░░░░░░░░░░░] 파일 교체 중...
   → src/styles/main.css
 4/8 [▓▓▓▓▓▓▓▓▓▓▓▓▓▓░░░░░░░░░░░░░░] 파일 교체 중...
   → src/handlers/inquiryKey.ts
 4/8 [▓▓▓▓▓▓▓▓▓▓▓▓▓▓░░░░░░░░░░░░░░] 파일 교체 중...
   → src/handlers/index.ts
 4/8 [▓▓▓▓▓▓▓▓▓▓▓▓▓▓░░░░░░░░░░░░░░] 파일 교체 중...
   → src/types/index.ts
 4/8 [▓▓▓▓▓▓▓▓▓▓▓▓▓▓░░░░░░░░░░░░░░] 파일 교체 중...
   → src/index.ts
 4/8 [▓▓▓▓▓▓▓▓▓▓▓▓▓▓░░░░░░░░░░░░░░] 파일 교체 중...
   → src/components/basic/H4.tsx
 4/8 [▓▓▓▓▓▓▓▓▓▓▓▓▓▓░░░░░░░░░░░░░░] 파일 교체 중...
   → src/components/basic/Label.tsx
 4/8 [▓▓▓▓▓▓▓▓▓▓▓▓▓▓░░░░░░░░░░░░░░] 파일 교체 중...
   → src/components/basic/Ul.tsx
 4/8 [▓▓▓▓▓▓▓▓▓▓▓▓▓▓░░░░░░░░░░░░░░] 파일 교체 중...
   → src/components/basic/Li.tsx
 4/8 [▓▓▓▓▓▓▓▓▓▓▓▓▓▓░░░░░░░░░░░░░░] 파일 교체 중...
   → src/components/basic/Textarea.tsx
 4/8 [▓▓▓▓▓▓▓▓▓▓▓▓▓▓░░░░░░░░░░░░░░] 파일 교체 중...
   → src/components/basic/Hr.tsx
 4/8 [▓▓▓▓▓▓▓▓▓▓▓▓▓▓░░░░░░░░░░░░░░] 파일 교체 중...
   → src/components/basic/Form.tsx
 4/8 [▓▓▓▓▓▓▓▓▓▓▓▓▓▓░░░░░░░░░░░░░░] 파일 교체 중...
   → src/components/basic/H1.tsx
 4/8 [▓▓▓▓▓▓▓▓▓▓▓▓▓▓░░░░░░░░░░░░░░] 파일 교체 중...
   → src/components/basic/A.tsx
 4/8 [▓▓▓▓▓▓▓▓▓▓▓▓▓▓░░░░░░░░░░░░░░] 파일 교체 중...
   → src/components/basic/Svg.tsx
 4/8 [▓▓▓▓▓▓▓▓▓▓▓▓▓▓░░░░░░░░░░░░░░] 파일 교체 중...
   → src/components/basic/Span.tsx
 4/8 [▓▓▓▓▓▓▓▓▓▓▓▓▓▓░░░░░░░░░░░░░░] 파일 교체 중...
   → src/components/basic/Button.tsx
 4/8 [▓▓▓▓▓▓▓▓▓▓▓▓▓▓░░░░░░░░░░░░░░] 파일 교체 중...
   → src/components/basic/IconTypes.ts
 4/8 [▓▓▓▓▓▓▓▓▓▓▓▓▓▓░░░░░░░░░░░░░░] 파일 교체 중...
   → src/components/basic/Icon.tsx
 4/8 [▓▓▓▓▓▓▓▓▓▓▓▓▓▓░░░░░░░░░░░░░░] 파일 교체 중...
   → src/components/basic/H2.tsx
 4/8 [▓▓▓▓▓▓▓▓▓▓▓▓▓▓░░░░░░░░░░░░░░] 파일 교체 중...
   → src/components/basic/Nav.tsx
 4/8 [▓▓▓▓▓▓▓▓▓▓▓▓▓▓░░░░░░░░░░░░░░] 파일 교체 중...
   → src/components/basic/P.tsx
 4/8 [▓▓▓▓▓▓▓▓▓▓▓▓▓▓░░░░░░░░░░░░░░] 파일 교체 중...
   → src/components/basic/Img.tsx
 4/8 [▓▓▓▓▓▓▓▓▓▓▓▓▓▓░░░░░░░░░░░░░░] 파일 교체 중...
   → src/components/basic/Section.tsx
 4/8 [▓▓▓▓▓▓▓▓▓▓▓▓▓▓░░░░░░░░░░░░░░] 파일 교체 중...
   → src/components/basic/Input.tsx
 4/8 [▓▓▓▓▓▓▓▓▓▓▓▓▓▓░░░░░░░░░░░░░░] 파일 교체 중...
   → src/components/basic/H3.tsx
 4/8 [▓▓▓▓▓▓▓▓▓▓▓▓▓▓░░░░░░░░░░░░░░] 파일 교체 중...
   → src/components/basic/Option.tsx
 4/8 [▓▓▓▓▓▓▓▓▓▓▓▓▓▓░░░░░░░░░░░░░░] 파일 교체 중...
   → src/components/basic/Select.tsx
 4/8 [▓▓▓▓▓▓▓▓▓▓▓▓▓▓░░░░░░░░░░░░░░] 파일 교체 중...
   → src/components/basic/Div.tsx
 4/8 [▓▓▓▓▓▓▓▓▓▓▓▓▓▓░░░░░░░░░░░░░░] 파일 교체 중...
   → src/components/composite/PriceTag.tsx
 4/8 [▓▓▓▓▓▓▓▓▓▓▓▓▓▓░░░░░░░░░░░░░░] 파일 교체 중...
   → src/components/composite/Toast.tsx
 4/8 [▓▓▓▓▓▓▓▓▓▓▓▓▓▓░░░░░░░░░░░░░░] 파일 교체 중...
   → src/components/composite/PageBody.tsx
 4/8 [▓▓▓▓▓▓▓▓▓▓▓▓▓▓░░░░░░░░░░░░░░] 파일 교체 중...
   → src/components/composite/Pagination.tsx
 4/8 [▓▓▓▓▓▓▓▓▓▓▓▓▓▓░░░░░░░░░░░░░░] 파일 교체 중...
   → src/components/composite/Modal.tsx
 4/8 [▓▓▓▓▓▓▓▓▓▓▓▓▓▓░░░░░░░░░░░░░░] 파일 교체 중...
   → src/components/composite/StatusBadge.tsx
 4/8 [▓▓▓▓▓▓▓▓▓▓▓▓▓▓░░░░░░░░░░░░░░] 파일 교체 중...
   → src/components/composite/ScenicArt.tsx
 4/8 [▓▓▓▓▓▓▓▓▓▓▓▓▓▓░░░░░░░░░░░░░░] 파일 교체 중...
   → AGENTS.md
 4/8 [▓▓▓▓▓▓▓▓▓▓▓▓▓▓░░░░░░░░░░░░░░] 파일 교체 중...
   → vite.config.ts
 4/8 [▓▓▓▓▓▓▓▓▓▓▓▓▓▓░░░░░░░░░░░░░░] 파일 교체 중...
   → vitest.config.ts
 4/8 [▓▓▓▓▓▓▓▓▓▓▓▓▓▓░░░░░░░░░░░░░░] 파일 교체 중...
   → components.json
 4/8 [▓▓▓▓▓▓▓▓▓▓▓▓▓▓░░░░░░░░░░░░░░] 파일 교체 중...
   → tests/scenarios/travel-customer-flow.yaml
 4/8 [▓▓▓▓▓▓▓▓▓▓▓▓▓▓░░░░░░░░░░░░░░] 파일 교체 중...
   → tests/scenarios/campaigns.yaml
 4/8 [▓▓▓▓▓▓▓▓▓▓▓▓▓▓░░░░░░░░░░░░░░] 파일 교체 중...
   → __tests__/evidence/mobile-request-native-owner-after-pointer-1440.png
 4/8 [▓▓▓▓▓▓▓▓▓▓▓▓▓▓░░░░░░░░░░░░░░] 파일 교체 중...
   → __tests__/evidence/mobile-request-candidate-1440.png
 4/8 [▓▓▓▓▓▓▓▓▓▓▓▓▓▓░░░░░░░░░░░░░░] 파일 교체 중...
   → __tests__/evidence/mobile-request-native-owner-after-390.png
 4/8 [▓▓▓▓▓▓▓▓▓▓▓▓▓▓░░░░░░░░░░░░░░] 파일 교체 중...
   → __tests__/evidence/mobile-request-native-owner-after.json
 4/8 [▓▓▓▓▓▓▓▓▓▓▓▓▓▓░░░░░░░░░░░░░░] 파일 교체 중...
   → __tests__/evidence/mobile-request-repair-manifest.json
 4/8 [▓▓▓▓▓▓▓▓▓▓▓▓▓▓░░░░░░░░░░░░░░] 파일 교체 중...
   → __tests__/evidence/mobile-request-native-owner-before-1440.png
 4/8 [▓▓▓▓▓▓▓▓▓▓▓▓▓▓░░░░░░░░░░░░░░] 파일 교체 중...
   → __tests__/evidence/mobile-request-native-owner-after-pointer-390.png
 4/8 [▓▓▓▓▓▓▓▓▓▓▓▓▓▓░░░░░░░░░░░░░░] 파일 교체 중...
   → __tests__/evidence/mobile-request-native-before-390.png
 4/8 [▓▓▓▓▓▓▓▓▓▓▓▓▓▓░░░░░░░░░░░░░░] 파일 교체 중...
   → __tests__/evidence/mobile-request-candidate.json
 4/8 [▓▓▓▓▓▓▓▓▓▓▓▓▓▓░░░░░░░░░░░░░░] 파일 교체 중...
   → __tests__/evidence/mobile-request-native-owner-after-date-390.png
 4/8 [▓▓▓▓▓▓▓▓▓▓▓▓▓▓░░░░░░░░░░░░░░] 파일 교체 중...
   → __tests__/evidence/mobile-request-native-owner-after-date-1440.png
 4/8 [▓▓▓▓▓▓▓▓▓▓▓▓▓▓░░░░░░░░░░░░░░] 파일 교체 중...
   → __tests__/evidence/mobile-request-before.json
 4/8 [▓▓▓▓▓▓▓▓▓▓▓▓▓▓░░░░░░░░░░░░░░] 파일 교체 중...
   → __tests__/evidence/mobile-request-native-owner-after-date.json
 4/8 [▓▓▓▓▓▓▓▓▓▓▓▓▓▓░░░░░░░░░░░░░░] 파일 교체 중...
   → __tests__/evidence/mobile-request-before-390.png
 4/8 [▓▓▓▓▓▓▓▓▓▓▓▓▓▓░░░░░░░░░░░░░░] 파일 교체 중...
   → __tests__/evidence/mobile-request-native-before.json
 4/8 [▓▓▓▓▓▓▓▓▓▓▓▓▓▓░░░░░░░░░░░░░░] 파일 교체 중...
   → __tests__/evidence/mobile-request-native-owner-before.json
 4/8 [▓▓▓▓▓▓▓▓▓▓▓▓▓▓░░░░░░░░░░░░░░] 파일 교체 중...
   → __tests__/evidence/mobile-request-native-before-multiple.json
 4/8 [▓▓▓▓▓▓▓▓▓▓▓▓▓▓░░░░░░░░░░░░░░] 파일 교체 중...
   → __tests__/evidence/mobile-request-native-owner-after-1440.png
 4/8 [▓▓▓▓▓▓▓▓▓▓▓▓▓▓░░░░░░░░░░░░░░] 파일 교체 중...
   → __tests__/evidence/mobile-request-native-owner-before-390.png
 4/8 [▓▓▓▓▓▓▓▓▓▓▓▓▓▓░░░░░░░░░░░░░░] 파일 교체 중...
   → __tests__/evidence/mobile-request-candidate-390.png
 4/8 [▓▓▓▓▓▓▓▓▓▓▓▓▓▓░░░░░░░░░░░░░░] 파일 교체 중...
   → __tests__/evidence/mobile-request-native-before-multiple-390.png
 4/8 [▓▓▓▓▓▓▓▓▓▓▓▓▓▓░░░░░░░░░░░░░░] 파일 교체 중...
   → __tests__/evidence/mobile-request-before-1440.png
 4/8 [▓▓▓▓▓▓▓▓▓▓▓▓▓▓░░░░░░░░░░░░░░] 파일 교체 중...
   → __tests__/evidence/mobile-request-native-before-multiple-1440.png
 4/8 [▓▓▓▓▓▓▓▓▓▓▓▓▓▓░░░░░░░░░░░░░░] 파일 교체 중...
   → __tests__/evidence/w03-ui-repair.json
 4/8 [▓▓▓▓▓▓▓▓▓▓▓▓▓▓░░░░░░░░░░░░░░] 파일 교체 중...
   → __tests__/evidence/mobile-request-native-owner-after-pointer.json
 4/8 [▓▓▓▓▓▓▓▓▓▓▓▓▓▓░░░░░░░░░░░░░░] 파일 교체 중...
   → __tests__/evidence/w03-ui-boundary-repair.json
 4/8 [▓▓▓▓▓▓▓▓▓▓▓▓▓▓░░░░░░░░░░░░░░] 파일 교체 중...
   → __tests__/evidence/mobile-request-native-before-1440.png
 4/8 [▓▓▓▓▓▓▓▓▓▓▓▓▓▓░░░░░░░░░░░░░░] 파일 교체 중...
   → __tests__/fixtures/installed-facets-response.json
 4/8 [▓▓▓▓▓▓▓▓▓▓▓▓▓▓░░░░░░░░░░░░░░] 파일 교체 중...
   → __tests__/fixtures/installed-http-responses.json
 4/8 [▓▓▓▓▓▓▓▓▓▓▓▓▓▓░░░░░░░░░░░░░░] 파일 교체 중...
   → __tests__/geometry/requests-native.mjs
 4/8 [▓▓▓▓▓▓▓▓▓▓▓▓▓▓░░░░░░░░░░░░░░] 파일 교체 중...
   → __tests__/geometry/requests-mobile.mjs
 4/8 [▓▓▓▓▓▓▓▓▓▓▓▓▓▓░░░░░░░░░░░░░░] 파일 교체 중...
   → __tests__/layouts/installed-response.test.tsx
 4/8 [▓▓▓▓▓▓▓▓▓▓▓▓▓▓░░░░░░░░░░░░░░] 파일 교체 중...
   → __tests__/layouts/campaigns.test.tsx
 4/8 [▓▓▓▓▓▓▓▓▓▓▓▓▓▓░░░░░░░░░░░░░░] 파일 교체 중...
   → __tests__/layouts/contract.test.ts
 4/8 [▓▓▓▓▓▓▓▓▓▓▓▓▓▓░░░░░░░░░░░░░░] 파일 교체 중...
   → __tests__/layouts/cart.test.tsx
 4/8 [▓▓▓▓▓▓▓▓▓▓▓▓▓▓░░░░░░░░░░░░░░] 파일 교체 중...
   → __tests__/layouts/help-edit.test.tsx
 4/8 [▓▓▓▓▓▓▓▓▓▓▓▓▓▓░░░░░░░░░░░░░░] 파일 교체 중...
   → __tests__/layouts/admin-api-contract.test.tsx
 4/8 [▓▓▓▓▓▓▓▓▓▓▓▓▓▓░░░░░░░░░░░░░░] 파일 교체 중...
   → __tests__/layouts/home-search.test.tsx
 4/8 [▓▓▓▓▓▓▓▓▓▓▓▓▓▓░░░░░░░░░░░░░░] 파일 교체 중...
   → __tests__/layouts/product.test.tsx
 4/8 [▓▓▓▓▓▓▓▓▓▓▓▓▓▓░░░░░░░░░░░░░░] 파일 교체 중...
   → __tests__/layouts/requests-help.test.tsx
 4/8 [▓▓▓▓▓▓▓▓▓▓▓▓▓▓░░░░░░░░░░░░░░] 파일 교체 중...
   → __tests__/helpers/travelTestKit.ts
 4/8 [▓▓▓▓▓▓▓▓▓▓▓▓▓▓░░░░░░░░░░░░░░] 파일 교체 중...
   → __tests__/components/pageBody.test.tsx
 4/8 [▓▓▓▓▓▓▓▓▓▓▓▓▓▓░░░░░░░░░░░░░░] 파일 교체 중...
   → __tests__/components/travelComponents.test.tsx
 4/8 [▓▓▓▓▓▓▓▓▓▓▓▓▓▓░░░░░░░░░░░░░░] 파일 교체 중...
   → __tests__/components/inquiryKey.test.ts
 4/8 [▓▓▓▓▓▓▓▓▓▓▓▓▓▓░░░░░░░░░░░░░░] 파일 교체 중...
   → package.json
 4/8 [▓▓▓▓▓▓▓▓▓▓▓▓▓▓░░░░░░░░░░░░░░] 파일 교체 중...
   → template.json
 4/8 [▓▓▓▓▓▓▓▓▓▓▓▓▓▓░░░░░░░░░░░░░░] 파일 교체 중...
   → dist/index.d.ts
 4/8 [▓▓▓▓▓▓▓▓▓▓▓▓▓▓░░░░░░░░░░░░░░] 파일 교체 중...
   → dist/handlers/index.d.ts
 4/8 [▓▓▓▓▓▓▓▓▓▓▓▓▓▓░░░░░░░░░░░░░░] 파일 교체 중...
   → dist/handlers/inquiryKey.d.ts
 4/8 [▓▓▓▓▓▓▓▓▓▓▓▓▓▓░░░░░░░░░░░░░░] 파일 교체 중...
   → dist/types/index.d.ts
 4/8 [▓▓▓▓▓▓▓▓▓▓▓▓▓▓░░░░░░░░░░░░░░] 파일 교체 중...
   → dist/vendor/font-awesome/6.4.0/LICENSE.txt
 4/8 [▓▓▓▓▓▓▓▓▓▓▓▓▓▓░░░░░░░░░░░░░░] 파일 교체 중...
   → dist/vendor/font-awesome/6.4.0/webfonts/fa-solid-900.woff2
 4/8 [▓▓▓▓▓▓▓▓▓▓▓▓▓▓░░░░░░░░░░░░░░] 파일 교체 중...
   → dist/vendor/font-awesome/6.4.0/webfonts/fa-regular-400.woff2
 4/8 [▓▓▓▓▓▓▓▓▓▓▓▓▓▓░░░░░░░░░░░░░░] 파일 교체 중...
   → dist/vendor/font-awesome/6.4.0/webfonts/fa-brands-400.woff2
 4/8 [▓▓▓▓▓▓▓▓▓▓▓▓▓▓░░░░░░░░░░░░░░] 파일 교체 중...
   → dist/vendor/font-awesome/6.4.0/webfonts/fa-v4compatibility.woff2
 4/8 [▓▓▓▓▓▓▓▓▓▓▓▓▓▓░░░░░░░░░░░░░░] 파일 교체 중...
   → dist/vendor/font-awesome/6.4.0/css/all.inlined.css
 4/8 [▓▓▓▓▓▓▓▓▓▓▓▓▓▓░░░░░░░░░░░░░░] 파일 교체 중...
   → dist/js/components.iife.js
 4/8 [▓▓▓▓▓▓▓▓▓▓▓▓▓▓░░░░░░░░░░░░░░] 파일 교체 중...
   → dist/css/components.css
 4/8 [▓▓▓▓▓▓▓▓▓▓▓▓▓▓░░░░░░░░░░░░░░] 파일 교체 중...
   → dist/components/basic/Label.d.ts
 4/8 [▓▓▓▓▓▓▓▓▓▓▓▓▓▓░░░░░░░░░░░░░░] 파일 교체 중...
   → dist/components/basic/Button.d.ts
 4/8 [▓▓▓▓▓▓▓▓▓▓▓▓▓▓░░░░░░░░░░░░░░] 파일 교체 중...
   → dist/components/basic/H1.d.ts
 4/8 [▓▓▓▓▓▓▓▓▓▓▓▓▓▓░░░░░░░░░░░░░░] 파일 교체 중...
   → dist/components/basic/P.d.ts
 4/8 [▓▓▓▓▓▓▓▓▓▓▓▓▓▓░░░░░░░░░░░░░░] 파일 교체 중...
   → dist/components/basic/Li.d.ts
 4/8 [▓▓▓▓▓▓▓▓▓▓▓▓▓▓░░░░░░░░░░░░░░] 파일 교체 중...
   → dist/components/basic/H4.d.ts
 4/8 [▓▓▓▓▓▓▓▓▓▓▓▓▓▓░░░░░░░░░░░░░░] 파일 교체 중...
   → dist/components/basic/H3.d.ts
 4/8 [▓▓▓▓▓▓▓▓▓▓▓▓▓▓░░░░░░░░░░░░░░] 파일 교체 중...
   → dist/components/basic/Svg.d.ts
 4/8 [▓▓▓▓▓▓▓▓▓▓▓▓▓▓░░░░░░░░░░░░░░] 파일 교체 중...
   → dist/components/basic/Input.d.ts
 4/8 [▓▓▓▓▓▓▓▓▓▓▓▓▓▓░░░░░░░░░░░░░░] 파일 교체 중...
   → dist/components/basic/Icon.d.ts
 4/8 [▓▓▓▓▓▓▓▓▓▓▓▓▓▓░░░░░░░░░░░░░░] 파일 교체 중...
   → dist/components/basic/Span.d.ts
 4/8 [▓▓▓▓▓▓▓▓▓▓▓▓▓▓░░░░░░░░░░░░░░] 파일 교체 중...
   → dist/components/basic/Ul.d.ts
 4/8 [▓▓▓▓▓▓▓▓▓▓▓▓▓▓░░░░░░░░░░░░░░] 파일 교체 중...
   → dist/components/basic/Hr.d.ts
 4/8 [▓▓▓▓▓▓▓▓▓▓▓▓▓▓░░░░░░░░░░░░░░] 파일 교체 중...
   → dist/components/basic/Img.d.ts
 4/8 [▓▓▓▓▓▓▓▓▓▓▓▓▓▓░░░░░░░░░░░░░░] 파일 교체 중...
   → dist/components/basic/Div.d.ts
 4/8 [▓▓▓▓▓▓▓▓▓▓▓▓▓▓░░░░░░░░░░░░░░] 파일 교체 중...
   → dist/components/basic/IconTypes.d.ts
 4/8 [▓▓▓▓▓▓▓▓▓▓▓▓▓▓░░░░░░░░░░░░░░] 파일 교체 중...
   → dist/components/basic/H2.d.ts
 4/8 [▓▓▓▓▓▓▓▓▓▓▓▓▓▓░░░░░░░░░░░░░░] 파일 교체 중...
   → dist/components/basic/Form.d.ts
 4/8 [▓▓▓▓▓▓▓▓▓▓▓▓▓▓░░░░░░░░░░░░░░] 파일 교체 중...
   → dist/components/basic/Section.d.ts
 4/8 [▓▓▓▓▓▓▓▓▓▓▓▓▓▓░░░░░░░░░░░░░░] 파일 교체 중...
   → dist/components/basic/A.d.ts
 4/8 [▓▓▓▓▓▓▓▓▓▓▓▓▓▓░░░░░░░░░░░░░░] 파일 교체 중...
   → dist/components/basic/Textarea.d.ts
 4/8 [▓▓▓▓▓▓▓▓▓▓▓▓▓▓░░░░░░░░░░░░░░] 파일 교체 중...
   → dist/components/basic/Option.d.ts
 4/8 [▓▓▓▓▓▓▓▓▓▓▓▓▓▓░░░░░░░░░░░░░░] 파일 교체 중...
   → dist/components/basic/Nav.d.ts
 4/8 [▓▓▓▓▓▓▓▓▓▓▓▓▓▓░░░░░░░░░░░░░░] 파일 교체 중...
   → dist/components/basic/Select.d.ts
 4/8 [▓▓▓▓▓▓▓▓▓▓▓▓▓▓░░░░░░░░░░░░░░] 파일 교체 중...
   → dist/components/composite/PageBody.d.ts
 4/8 [▓▓▓▓▓▓▓▓▓▓▓▓▓▓░░░░░░░░░░░░░░] 파일 교체 중...
   → dist/components/composite/StatusBadge.d.ts
 4/8 [▓▓▓▓▓▓▓▓▓▓▓▓▓▓░░░░░░░░░░░░░░] 파일 교체 중...
   → dist/components/composite/Modal.d.ts
 4/8 [▓▓▓▓▓▓▓▓▓▓▓▓▓▓░░░░░░░░░░░░░░] 파일 교체 중...
   → dist/components/composite/ScenicArt.d.ts
 4/8 [▓▓▓▓▓▓▓▓▓▓▓▓▓▓░░░░░░░░░░░░░░] 파일 교체 중...
   → dist/components/composite/Pagination.d.ts
 4/8 [▓▓▓▓▓▓▓▓▓▓▓▓▓▓░░░░░░░░░░░░░░] 파일 교체 중...
   → dist/components/composite/PriceTag.d.ts
 4/8 [▓▓▓▓▓▓▓▓▓▓▓▓▓▓░░░░░░░░░░░░░░] 파일 교체 중...
   → dist/components/composite/Toast.d.ts
 4/8 [▓▓▓▓▓▓▓▓▓▓▓▓▓▓░░░░░░░░░░░░░░] 파일 교체 중...
   → package-lock.json
 7/8 [▓▓▓▓▓▓▓▓▓▓▓▓▓▓▓▓▓▓▓▓▓▓▓▓░░░░] 상태 복원 중...
   
 8/8 [▓▓▓▓▓▓▓▓▓▓▓▓▓▓▓▓▓▓▓▓▓▓▓▓▓▓▓▓] 레이아웃 갱신 중...
   
 9/9 [▓▓▓▓▓▓▓▓▓▓▓▓▓▓▓▓▓▓▓▓▓▓▓▓▓▓▓▓] 정리 중...
   

✅ 템플릿 "raonslab-travel_lab" 업데이트 완료
   v0.1.2 → v0.1.3
